<html>
<body>
<pre>
<h1>µVision Build Log</h1>
<h2>Tool Versions:</h2>
IDE-Version: ¦ÌVision V5.25.2.0
Copyright (C) 2018 ARM Ltd and ARM Germany GmbH. All rights reserved.
License Information: Tian Windows, HP Inc., LIC=R4HJJ-UJKBR-XA3DC-7XVFN-CPL15-A8ZTT
 
Tool Versions:
Toolchain:       MDK-ARM Professional  Version: 5.25.2.0
Toolchain Path:  C:\Keil_v5\ARM\ARMCC\Bin
C Compiler:      Armcc.exe V5.06 update 6 (build 750)
Assembler:       Armasm.exe V5.06 update 6 (build 750)
Linker/Locator:  ArmLink.exe V5.06 update 6 (build 750)
Library Manager: ArmAr.exe V5.06 update 6 (build 750)
Hex Converter:   FromElf.exe V5.06 update 6 (build 750)
CPU DLL:         SARMCM3.DLL V5.25.2.0
Dialog DLL:      DCM.DLL V1.17.1.0
Target DLL:      Segger\JL2CM3.dll V2.99.29.0
Dialog DLL:      TCM.DLL V1.35.1.0
 
<h2>Project:</h2>
C:\Users\qinti\Downloads\STM32_local\Project\test.uvprojx
Project File Date:  04/30/2018

<h2>Output:</h2>
*** Using Compiler 'V5.06 update 6 (build 750)', folder: 'C:\Keil_v5\ARM\ARMCC\Bin'
Rebuild target 'Target 1'
compiling time.c...
.\User\system\system.h(43): warning:  #1-D: last line of file ends without a newline
  #endif
.\User\beep\beep.h(12): warning:  #1-D: last line of file ends without a newline
  #endif
User\time\time.c(32): warning:  #1-D: last line of file ends without a newline
  }
User\time\time.c: 3 warnings, 0 errors
compiling beep.c...
.\User\system\system.h(43): warning:  #1-D: last line of file ends without a newline
  #endif
User\beep\beep.h(12): warning:  #1-D: last line of file ends without a newline
  #endif
User\beep\beep.c(27): warning:  #1-D: last line of file ends without a newline
  }
User\beep\beep.c: 3 warnings, 0 errors
compiling system.c...
User\system\system.c(1): warning:  #1-D: last line of file ends without a newline
  #include "system.h"
User\system\system.h(43): warning:  #1-D: last line of file ends without a newline
  #endif
User\system\system.c: 2 warnings, 0 errors
compiling SysTick.c...
.\User\system\system.h(43): warning:  #1-D: last line of file ends without a newline
  #endif
User\systick\SysTick.c: 1 warning, 0 errors
compiling key.c...
.\User\system\system.h(43): warning:  #1-D: last line of file ends without a newline
  #endif
User\key\key.h(30): warning:  #1-D: last line of file ends without a newline
  #endif
User\key\key.c(52): warning:  #1-D: last line of file ends without a newline
  }
User\key\key.c: 3 warnings, 0 errors
compiling exti.c...
.\User\system\system.h(43): warning:  #1-D: last line of file ends without a newline
  #endif
.\User\beep\beep.h(12): warning:  #1-D: last line of file ends without a newline
  #endif
.\User\key\key.h(30): warning:  #1-D: last line of file ends without a newline
  #endif
User\exti\exti.c(40): warning:  #1-D: last line of file ends without a newline
  }
User\exti\exti.c: 4 warnings, 0 errors
compiling main.c...
.\User\system\system.h(43): warning:  #1-D: last line of file ends without a newline
  #endif
.\User\beep\beep.h(12): warning:  #1-D: last line of file ends without a newline
  #endif
.\User\key\key.h(30): warning:  #1-D: last line of file ends without a newline
  #endif
.\User\exti\exti.h(8): warning:  #1-D: last line of file ends without a newline
  #endif
.\User\time\time.h(5): warning:  #1-D: last line of file ends without a newline
  #endif
.\User\PWM\pwm.h(5): warning:  #1-D: last line of file ends without a newline
  #endif
.\User\usart\usart.h(8): warning:  #1-D: last line of file ends without a newline
  #endif
.\User\dht11\dht11.h(21): warning:  #1-D: last line of file ends without a newline
  #endif
User\main.c(53): warning:  #167-D: argument of type "unsigned char *" is incompatible with parameter of type "char *__restrict__"
  			sprintf(string_out,"Humidity=%lf %%RH\r\n", hum);
User\main.c(54): warning:  #167-D: argument of type "unsigned char *" is incompatible with parameter of type "const char *__restrict__"
  			printf(string_out);
User\main.c(56): warning:  #167-D: argument of type "unsigned char *" is incompatible with parameter of type "char *__restrict__"
  			sprintf(string_out,"Temperature=%lf C\r\n",temp);
User\main.c(57): warning:  #167-D: argument of type "unsigned char *" is incompatible with parameter of type "const char *__restrict__"
  			printf(string_out);
User\main.c(14): warning:  #177-D: variable "key"  was declared but never referenced
  	u8 key=0;
User\main.c(15): warning:  #177-D: variable "fx"  was declared but never referenced
  	u8 fx=0;
User\main.c(16): warning:  #177-D: variable "i"  was declared but never referenced
  	u16 i=0;
User\main.c: 15 warnings, 0 errors
compiling led.c...
User\led\led.c(10): warning:  #1-D: last line of file ends without a newline
  }
User\led\led.c: 1 warning, 0 errors
compiling pwm.c...
.\User\system\system.h(43): warning:  #1-D: last line of file ends without a newline
  #endif
User\PWM\pwm.c(38): warning:  #1-D: last line of file ends without a newline
  }
User\PWM\pwm.c(5): warning:  #550-D: variable "TIM_TimeBaseInitStructure"  was set but never used
  	TIM_TimeBaseInitTypeDef TIM_TimeBaseInitStructure;
User\PWM\pwm.c: 3 warnings, 0 errors
compiling usart.c...
.\User\system\system.h(43): warning:  #1-D: last line of file ends without a newline
  #endif
User\usart\usart.h(8): warning:  #1-D: last line of file ends without a newline
  #endif
User\usart\usart.c: 2 warnings, 0 errors
compiling stm32f10x_exti.c...
compiling dht11.c...
.\User\system\system.h(43): warning:  #1-D: last line of file ends without a newline
  #endif
.\User\usart\usart.h(8): warning:  #1-D: last line of file ends without a newline
  #endif
User\dht11\dht11.h(21): warning:  #1-D: last line of file ends without a newline
  #endif
User\dht11\dht11.c(88): warning:  #1-D: last line of file ends without a newline
  }
User\dht11\dht11.c: 4 warnings, 0 errors
compiling misc.c...
compiling tftlcd.c...
.\User\system\system.h(43): warning:  #1-D: last line of file ends without a newline
  #endif
.\User\usart\usart.h(8): warning:  #1-D: last line of file ends without a newline
  #endif
User\LCD\tftlcd.c(434): warning:  #177-D: variable "i"  was declared but never referenced
  	u16 i;
User\LCD\tftlcd.c(1598): warning:  #177-D: variable "g"  was declared but never referenced
   	u16 r=0,g=0,b=0;
User\LCD\tftlcd.c(1598): warning:  #177-D: variable "b"  was declared but never referenced
   	u16 r=0,g=0,b=0;
User\LCD\tftlcd.c: 5 warnings, 0 errors
assembling startup_stm32f10x_hd.s...
compiling stm32f10x_gpio.c...
compiling GPIO_STM32F10x.c...
compiling stm32f10x_rcc.c...
compiling stm32f10x_usart.c...
compiling system_stm32f10x.c...
compiling stm32f10x_fsmc.c...
compiling stm32f10x_tim.c...
linking...
Program Size: Code=10120 RO-data=7480 RW-data=40 ZI-data=1024  
FromELF: creating hex file...
".\Objects\test.axf" - 0 Error(s), 46 Warning(s).

<h2>Software Packages used:</h2>

Package Vendor: ARM
                http://www.keil.com/pack/ARM.CMSIS.5.3.0.pack
                ARM.CMSIS.5.3.0
                CMSIS (Cortex Microcontroller Software Interface Standard)
   * Component: CORE Version: 5.1.1

Package Vendor: Keil
                http://www.keil.com/pack/Keil.STM32F1xx_DFP.2.2.0.pack
                Keil.STM32F1xx_DFP.2.2.0
                STMicroelectronics STM32F1 Series Device Support, Drivers and Examples
   * Component: GPIO Version: 1.3
   * Component: Startup Version: 1.0.0
   * Component: EXTI Version: 3.5.0
   * Component: FSMC Version: 3.5.0
   * Component: Framework Version: 3.5.1
   * Component: GPIO Version: 3.5.0
   * Component: RCC Version: 3.5.0
   * Component: TIM Version: 3.5.0
   * Component: USART Version: 3.5.0

<h2>Collection of Component include folders:</h2>
  .\RTE\Device\STM32F103ZE
  .\RTE\_Target_1
  C:\Keil_v5\ARM\PACK\ARM\CMSIS\5.3.0\CMSIS\Include
  C:\Keil_v5\ARM\PACK\Keil\STM32F1xx_DFP\2.2.0\Device\Include
  C:\Keil_v5\ARM\PACK\Keil\STM32F1xx_DFP\2.2.0\Device\StdPeriph_Driver\inc
  C:\Keil_v5\ARM\PACK\Keil\STM32F1xx_DFP\2.2.0\RTE_Driver

<h2>Collection of Component Files used:</h2>

   * Component: ARM::CMSIS:CORE:5.1.1

   * Component: Keil::Device:GPIO:1.3
      Include file:  RTE_Driver\GPIO_STM32F10x.h
      Source file:   RTE_Driver\GPIO_STM32F10x.c

   * Component: Keil::Device:Startup:1.0.0
      Source file:   Device\Source\ARM\startup_stm32f10x_hd.s
      Source file:   Device\Source\ARM\STM32F1xx_OPT.s
      Source file:   Device\Source\system_stm32f10x.c
      Include file:  RTE_Driver\Config\RTE_Device.h

   * Component: Keil::Device:StdPeriph Drivers:EXTI:3.5.0
      Include file:  Device\StdPeriph_Driver\inc\stm32f10x_exti.h
      Source file:   Device\StdPeriph_Driver\src\stm32f10x_exti.c

   * Component: Keil::Device:StdPeriph Drivers:FSMC:3.5.0
      Include file:  Device\StdPeriph_Driver\inc\stm32f10x_fsmc.h
      Source file:   Device\StdPeriph_Driver\src\stm32f10x_fsmc.c

   * Component: Keil::Device:StdPeriph Drivers:Framework:3.5.1
      Include file:  Device\StdPeriph_Driver\inc\misc.h
      Include file:  Device\StdPeriph_Driver\templates\stm32f10x_it.h
      Source file:   Device\StdPeriph_Driver\src\misc.c
      Source file:   Device\StdPeriph_Driver\templates\stm32f10x_conf.h
      Source file:   Device\StdPeriph_Driver\templates\stm32f10x_it.c

   * Component: Keil::Device:StdPeriph Drivers:GPIO:3.5.0
      Source file:   Device\StdPeriph_Driver\src\stm32f10x_gpio.c
      Include file:  Device\StdPeriph_Driver\inc\stm32f10x_gpio.h

   * Component: Keil::Device:StdPeriph Drivers:RCC:3.5.0
      Include file:  Device\StdPeriph_Driver\inc\stm32f10x_rcc.h
      Source file:   Device\StdPeriph_Driver\src\stm32f10x_rcc.c

   * Component: Keil::Device:StdPeriph Drivers:TIM:3.5.0
      Source file:   Device\StdPeriph_Driver\src\stm32f10x_tim.c
      Include file:  Device\StdPeriph_Driver\inc\stm32f10x_tim.h

   * Component: Keil::Device:StdPeriph Drivers:USART:3.5.0
      Source file:   Device\StdPeriph_Driver\src\stm32f10x_usart.c
      Include file:  Device\StdPeriph_Driver\inc\stm32f10x_usart.h
Build Time Elapsed:  00:00:03
</pre>
</body>
</html>
