Component: ARM Compiler 5.06 update 6 (build 750) Tool: armlink [4d35ed]

==============================================================================

Section Cross References

    main.o(i.main) refers to systick.o(i.SysTick_Init) for SysTick_Init
    main.o(i.main) refers to misc.o(i.NVIC_PriorityGroupConfig) for NVIC_PriorityGroupConfig
    main.o(i.main) refers to led.o(i.LED_Init) for LED_Init
    main.o(i.main) refers to beep.o(i.BEEP_Init) for BEEP_Init
    main.o(i.main) refers to key.o(i.KEY_Init) for KEY_Init
    main.o(i.main) refers to exti.o(i.KEY_EXTI_Init) for KEY_EXTI_Init
    main.o(i.main) refers to pwm.o(i.TIM3_CH1_PWM_Init) for TIM3_CH1_PWM_Init
    main.o(i.main) refers to pwm.o(i.TIM4_CH1_PWM_Init) for TIM4_CH1_PWM_Init
    main.o(i.main) refers to stm32f10x_tim.o(i.TIM_SetCompare1) for TIM_SetCompare1
    main.o(i.main) refers to motor.o(i.MOTOR_Init) for MOTOR_Init
    main.o(i.main) refers to usart.o(i.USART1_Init) for USART1_Init
    main.o(i.main) refers to hwjs.o(i.Hwjs_Init) for Hwjs_Init
    main.o(i.main) refers to dac.o(i.DAC1_Init) for DAC1_Init
    main.o(i.main) refers to tftlcd.o(i.TFTLCD_Init) for TFTLCD_Init
    main.o(i.main) refers to sht30.o(i.SHT30_Init) for SHT30_Init
    main.o(i.main) refers to systick.o(i.delay_us) for delay_us
    main.o(i.main) refers to sht30.o(i.SHT30_Write_P) for SHT30_Write_P
    main.o(i.main) refers to sht30.o(i.SHT30_Write_H) for SHT30_Write_H
    main.o(i.main) refers to adc.o(i.ADCx_Init) for ADCx_Init
    main.o(i.main) refers to pwm.o(i.TIM4_CH1_PWM_State) for TIM4_CH1_PWM_State
    main.o(i.main) refers to tftlcd.o(i.LCD_Clear) for LCD_Clear
    main.o(i.main) refers to tftlcd.o(i.LCD_ShowString) for LCD_ShowString
    main.o(i.main) refers to dht11.o(i.DHT11_ReadData) for DHT11_ReadData
    main.o(i.main) refers to dfltui.o(.text) for __aeabi_ui2d
    main.o(i.main) refers to ddiv.o(.text) for __aeabi_ddiv
    main.o(i.main) refers to dadd.o(.text) for __aeabi_dadd
    main.o(i.main) refers to printfa.o(i.__0sprintf) for __2sprintf
    main.o(i.main) refers to sht30.o(i.SHT30_Measure) for SHT30_Measure
    main.o(i.main) refers to fflti.o(.text) for __aeabi_i2f
    main.o(i.main) refers to f2d.o(.text) for __aeabi_f2d
    main.o(i.main) refers to fmul.o(.text) for __aeabi_fmul
    main.o(i.main) refers to fdiv.o(.text) for __aeabi_fdiv
    main.o(i.main) refers to fadd.o(.text) for __aeabi_fsub
    main.o(i.main) refers to printfa.o(i.__0printf) for __2printf
    main.o(i.main) refers to cdrcmple.o(.text) for __aeabi_cdrcmple
    main.o(i.main) refers to cdcmple.o(.text) for __aeabi_cdcmple
    main.o(i.main) refers to tftlcd.o(.data) for FRONT_COLOR
    main.o(i.main) refers to hwjs.o(.data) for Current_Status
    main.o(i.main) refers to sht30.o(.data) for sht_buffer
    main.o(i.main) refers to adc.o(i.Get_ADC_Value) for Get_ADC_Value
    main.o(i.main) refers to ffltui.o(.text) for __aeabi_ui2f
    main.o(i.main) refers to dmul.o(.text) for __aeabi_dmul
    main.o(i.main) refers to d2f.o(.text) for __aeabi_d2f
    main.o(i.main) refers to cfcmple.o(.text) for __aeabi_cfcmpeq
    main.o(i.main) refers to ffixi.o(.text) for __aeabi_f2iz
    main.o(i.main) refers to dac.o(i.DAC1_SetValue) for DAC1_SetValue
    main.o(i.main) refers to systick.o(i.delay_ms) for delay_ms
    systick.o(i.SysTick_Init) refers to misc.o(i.SysTick_CLKSourceConfig) for SysTick_CLKSourceConfig
    systick.o(i.SysTick_Init) refers to systick.o(.data) for fac_us
    systick.o(i.delay_ms) refers to systick.o(.data) for fac_ms
    systick.o(i.delay_us) refers to systick.o(.data) for fac_us
    beep.o(i.BEEP_Init) refers to stm32f10x_rcc.o(i.RCC_APB2PeriphClockCmd) for RCC_APB2PeriphClockCmd
    beep.o(i.BEEP_Init) refers to stm32f10x_gpio.o(i.GPIO_Init) for GPIO_Init
    beep.o(i.BEEP_On) refers to systick.o(i.delay_us) for delay_us
    key.o(i.KEY_Init) refers to stm32f10x_rcc.o(i.RCC_APB2PeriphClockCmd) for RCC_APB2PeriphClockCmd
    key.o(i.KEY_Init) refers to stm32f10x_gpio.o(i.GPIO_Init) for GPIO_Init
    key.o(i.KEY_Scan) refers to systick.o(i.delay_ms) for delay_ms
    key.o(i.KEY_Scan) refers to key.o(.data) for key_block
    exti.o(i.EXTI2_IRQHandler) refers to stm32f10x_exti.o(i.EXTI_GetITStatus) for EXTI_GetITStatus
    exti.o(i.EXTI2_IRQHandler) refers to systick.o(i.delay_ms) for delay_ms
    exti.o(i.EXTI2_IRQHandler) refers to motor.o(i.MOTOR_Run) for MOTOR_Run
    exti.o(i.EXTI2_IRQHandler) refers to beep.o(i.BEEP_On) for BEEP_On
    exti.o(i.EXTI2_IRQHandler) refers to stm32f10x_exti.o(i.EXTI_ClearITPendingBit) for EXTI_ClearITPendingBit
    exti.o(i.EXTI4_IRQHandler) refers to stm32f10x_exti.o(i.EXTI_GetITStatus) for EXTI_GetITStatus
    exti.o(i.EXTI4_IRQHandler) refers to systick.o(i.delay_ms) for delay_ms
    exti.o(i.EXTI4_IRQHandler) refers to motor.o(i.MOTOR_Run) for MOTOR_Run
    exti.o(i.EXTI4_IRQHandler) refers to beep.o(i.BEEP_On) for BEEP_On
[...]
    Removing stm32f10x_tim.o(i.TIM_TimeBaseStructInit), (18 bytes).
    Removing stm32f10x_tim.o(i.TIM_UpdateDisableConfig), (24 bytes).
    Removing stm32f10x_tim.o(i.TIM_UpdateRequestConfig), (24 bytes).
    Removing stm32f10x_usart.o(.rev16_text), (4 bytes).
    Removing stm32f10x_usart.o(.revsh_text), (4 bytes).
    Removing stm32f10x_usart.o(.rrx_text), (6 bytes).
    Removing stm32f10x_usart.o(i.USART_ClockInit), (34 bytes).
    Removing stm32f10x_usart.o(i.USART_ClockStructInit), (12 bytes).
    Removing stm32f10x_usart.o(i.USART_DMACmd), (18 bytes).
    Removing stm32f10x_usart.o(i.USART_DeInit), (156 bytes).
    Removing stm32f10x_usart.o(i.USART_HalfDuplexCmd), (24 bytes).
    Removing stm32f10x_usart.o(i.USART_IrDACmd), (24 bytes).
    Removing stm32f10x_usart.o(i.USART_IrDAConfig), (18 bytes).
    Removing stm32f10x_usart.o(i.USART_LINBreakDetectLengthConfig), (18 bytes).
    Removing stm32f10x_usart.o(i.USART_LINCmd), (24 bytes).
    Removing stm32f10x_usart.o(i.USART_OneBitMethodCmd), (24 bytes).
    Removing stm32f10x_usart.o(i.USART_OverSampling8Cmd), (22 bytes).
    Removing stm32f10x_usart.o(i.USART_ReceiverWakeUpCmd), (24 bytes).
    Removing stm32f10x_usart.o(i.USART_SendBreak), (10 bytes).
    Removing stm32f10x_usart.o(i.USART_SetAddress), (18 bytes).
    Removing stm32f10x_usart.o(i.USART_SetGuardTime), (16 bytes).
    Removing stm32f10x_usart.o(i.USART_SetPrescaler), (16 bytes).
    Removing stm32f10x_usart.o(i.USART_SmartCardCmd), (24 bytes).
    Removing stm32f10x_usart.o(i.USART_SmartCardNACKCmd), (24 bytes).
    Removing stm32f10x_usart.o(i.USART_StructInit), (24 bytes).
    Removing stm32f10x_usart.o(i.USART_WakeUpConfig), (18 bytes).
    Removing gpio_stm32f10x.o(.rev16_text), (4 bytes).
    Removing gpio_stm32f10x.o(.revsh_text), (4 bytes).
    Removing gpio_stm32f10x.o(.rrx_text), (6 bytes).
    Removing gpio_stm32f10x.o(i.GPIO_AFConfigure), (156 bytes).
    Removing gpio_stm32f10x.o(i.GPIO_GetPortClockState), (152 bytes).
    Removing gpio_stm32f10x.o(i.GPIO_PinConfigure), (120 bytes).
    Removing gpio_stm32f10x.o(i.GPIO_PortClock), (316 bytes).
    Removing startup_stm32f10x_hd.o(HEAP), (512 bytes).
    Removing system_stm32f10x.o(.rev16_text), (4 bytes).
    Removing system_stm32f10x.o(.revsh_text), (4 bytes).
    Removing system_stm32f10x.o(.rrx_text), (6 bytes).
    Removing system_stm32f10x.o(i.SystemCoreClockUpdate), (164 bytes).
    Removing system_stm32f10x.o(.data), (20 bytes).
    Removing stm32f10x_dac.o(.rev16_text), (4 bytes).
    Removing stm32f10x_dac.o(.revsh_text), (4 bytes).
    Removing stm32f10x_dac.o(.rrx_text), (6 bytes).
    Removing stm32f10x_dac.o(i.DAC_DMACmd), (44 bytes).
    Removing stm32f10x_dac.o(i.DAC_DeInit), (22 bytes).
    Removing stm32f10x_dac.o(i.DAC_DualSoftwareTriggerCmd), (36 bytes).
    Removing stm32f10x_dac.o(i.DAC_GetDataOutputValue), (36 bytes).
    Removing stm32f10x_dac.o(i.DAC_SetChannel2Data), (32 bytes).
    Removing stm32f10x_dac.o(i.DAC_SetDualChannelData), (36 bytes).
    Removing stm32f10x_dac.o(i.DAC_SoftwareTriggerCmd), (44 bytes).
    Removing stm32f10x_dac.o(i.DAC_StructInit), (12 bytes).
    Removing stm32f10x_dac.o(i.DAC_WaveGenerationCmd), (40 bytes).
    Removing stm32f10x_spi.o(.rev16_text), (4 bytes).
    Removing stm32f10x_spi.o(.revsh_text), (4 bytes).
    Removing stm32f10x_spi.o(.rrx_text), (6 bytes).
    Removing stm32f10x_spi.o(i.I2S_Cmd), (24 bytes).
    Removing stm32f10x_spi.o(i.I2S_Init), (232 bytes).
    Removing stm32f10x_spi.o(i.I2S_StructInit), (20 bytes).
    Removing stm32f10x_spi.o(i.SPI_BiDirectionalLineConfig), (28 bytes).
    Removing stm32f10x_spi.o(i.SPI_CalculateCRC), (24 bytes).
    Removing stm32f10x_spi.o(i.SPI_Cmd), (24 bytes).
    Removing stm32f10x_spi.o(i.SPI_DataSizeConfig), (18 bytes).
    Removing stm32f10x_spi.o(i.SPI_GetCRC), (16 bytes).
    Removing stm32f10x_spi.o(i.SPI_GetCRCPolynomial), (6 bytes).
    Removing stm32f10x_spi.o(i.SPI_I2S_ClearFlag), (6 bytes).
    Removing stm32f10x_spi.o(i.SPI_I2S_ClearITPendingBit), (20 bytes).
    Removing stm32f10x_spi.o(i.SPI_I2S_DMACmd), (18 bytes).
    Removing stm32f10x_spi.o(i.SPI_I2S_DeInit), (88 bytes).
    Removing stm32f10x_spi.o(i.SPI_I2S_GetFlagStatus), (18 bytes).
    Removing stm32f10x_spi.o(i.SPI_I2S_GetITStatus), (52 bytes).
    Removing stm32f10x_spi.o(i.SPI_I2S_ITConfig), (32 bytes).
    Removing stm32f10x_spi.o(i.SPI_I2S_ReceiveData), (6 bytes).
    Removing stm32f10x_spi.o(i.SPI_I2S_SendData), (4 bytes).
    Removing stm32f10x_spi.o(i.SPI_Init), (60 bytes).
    Removing stm32f10x_spi.o(i.SPI_NSSInternalSoftwareConfig), (30 bytes).
    Removing stm32f10x_spi.o(i.SPI_SSOutputCmd), (24 bytes).
    Removing stm32f10x_spi.o(i.SPI_StructInit), (24 bytes).
    Removing stm32f10x_spi.o(i.SPI_TransmitCRC), (10 bytes).
    Removing stm32f10x_adc.o(.rev16_text), (4 bytes).
    Removing stm32f10x_adc.o(.revsh_text), (4 bytes).
    Removing stm32f10x_adc.o(.rrx_text), (6 bytes).
    Removing stm32f10x_adc.o(i.ADC_AnalogWatchdogCmd), (20 bytes).
    Removing stm32f10x_adc.o(i.ADC_AnalogWatchdogSingleChannelConfig), (16 bytes).
    Removing stm32f10x_adc.o(i.ADC_AnalogWatchdogThresholdsConfig), (6 bytes).
    Removing stm32f10x_adc.o(i.ADC_AutoInjectedConvCmd), (22 bytes).
    Removing stm32f10x_adc.o(i.ADC_ClearFlag), (6 bytes).
    Removing stm32f10x_adc.o(i.ADC_ClearITPendingBit), (10 bytes).
    Removing stm32f10x_adc.o(i.ADC_DMACmd), (22 bytes).
    Removing stm32f10x_adc.o(i.ADC_DeInit), (92 bytes).
    Removing stm32f10x_adc.o(i.ADC_DiscModeChannelCountConfig), (24 bytes).
    Removing stm32f10x_adc.o(i.ADC_DiscModeCmd), (22 bytes).
    Removing stm32f10x_adc.o(i.ADC_ExternalTrigConvCmd), (22 bytes).
    Removing stm32f10x_adc.o(i.ADC_ExternalTrigInjectedConvCmd), (22 bytes).
    Removing stm32f10x_adc.o(i.ADC_ExternalTrigInjectedConvConfig), (16 bytes).
    Removing stm32f10x_adc.o(i.ADC_GetDualModeConversionValue), (12 bytes).
    Removing stm32f10x_adc.o(i.ADC_GetITStatus), (36 bytes).
    Removing stm32f10x_adc.o(i.ADC_GetInjectedConversionValue), (28 bytes).
    Removing stm32f10x_adc.o(i.ADC_GetSoftwareStartConvStatus), (20 bytes).
    Removing stm32f10x_adc.o(i.ADC_GetSoftwareStartInjectedConvCmdStatus), (20 bytes).
    Removing stm32f10x_adc.o(i.ADC_ITConfig), (24 bytes).
    Removing stm32f10x_adc.o(i.ADC_InjectedChannelConfig), (130 bytes).
    Removing stm32f10x_adc.o(i.ADC_InjectedDiscModeCmd), (22 bytes).
    Removing stm32f10x_adc.o(i.ADC_InjectedSequencerLengthConfig), (24 bytes).
    Removing stm32f10x_adc.o(i.ADC_SetInjectedOffset), (20 bytes).
    Removing stm32f10x_adc.o(i.ADC_SoftwareStartInjectedConvCmd), (22 bytes).
    Removing stm32f10x_adc.o(i.ADC_StructInit), (18 bytes).
    Removing stm32f10x_adc.o(i.ADC_TempSensorVrefintCmd), (36 bytes).

351 unused section(s) (total 12557 bytes) removed from the image.

==============================================================================

Image Symbol Table

    Local Symbols

    Symbol Name                              Value     Ov Type        Size  Object(Section)

    ../clib/microlib/division.c              0x00000000   Number         0  uldiv.o ABSOLUTE
    ../clib/microlib/division.c              0x00000000   Number         0  uidiv.o ABSOLUTE
    ../clib/microlib/init/entry.s            0x00000000   Number         0  entry10a.o ABSOLUTE
    ../clib/microlib/init/entry.s            0x00000000   Number         0  entry2.o ABSOLUTE
    ../clib/microlib/init/entry.s            0x00000000   Number         0  entry10b.o ABSOLUTE
    ../clib/microlib/init/entry.s            0x00000000   Number         0  entry11a.o ABSOLUTE
    ../clib/microlib/init/entry.s            0x00000000   Number         0  entry11b.o ABSOLUTE
    ../clib/microlib/init/entry.s            0x00000000   Number         0  entry5.o ABSOLUTE
    ../clib/microlib/init/entry.s            0x00000000   Number         0  entry7a.o ABSOLUTE
    ../clib/microlib/init/entry.s            0x00000000   Number         0  entry7b.o ABSOLUTE
    ../clib/microlib/init/entry.s            0x00000000   Number         0  entry9b.o ABSOLUTE
    ../clib/microlib/init/entry.s            0x00000000   Number         0  entry8b.o ABSOLUTE
    ../clib/microlib/init/entry.s            0x00000000   Number         0  entry.o ABSOLUTE
    ../clib/microlib/init/entry.s            0x00000000   Number         0  entry9a.o ABSOLUTE
    ../clib/microlib/init/entry.s            0x00000000   Number         0  entry8a.o ABSOLUTE
    ../clib/microlib/longlong.c              0x00000000   Number         0  llsshr.o ABSOLUTE
    ../clib/microlib/longlong.c              0x00000000   Number         0  llushr.o ABSOLUTE
    ../clib/microlib/longlong.c              0x00000000   Number         0  llshl.o ABSOLUTE
    ../clib/microlib/printf/printf.c         0x00000000   Number         0  printfa.o ABSOLUTE
    ../clib/microlib/printf/printf.c         0x00000000   Number         0  printf6.o ABSOLUTE
    ../clib/microlib/printf/printf.c         0x00000000   Number         0  printf7.o ABSOLUTE
    ../clib/microlib/printf/printf.c         0x00000000   Number         0  printf4.o ABSOLUTE
    ../clib/microlib/printf/printf.c         0x00000000   Number         0  printf3.o ABSOLUTE
    ../clib/microlib/printf/printf.c         0x00000000   Number         0  printf5.o ABSOLUTE
    ../clib/microlib/printf/printf.c         0x00000000   Number         0  printf8.o ABSOLUTE
    ../clib/microlib/printf/printf.c         0x00000000   Number         0  printf2.o ABSOLUTE
    ../clib/microlib/printf/printf.c         0x00000000   Number         0  printf1.o ABSOLUTE
    ../clib/microlib/printf/printf.c         0x00000000   Number         0  printf0.o ABSOLUTE
    ../clib/microlib/printf/printf.c         0x00000000   Number         0  printfb.o ABSOLUTE
    ../clib/microlib/printf/stubs.s          0x00000000   Number         0  stubs.o ABSOLUTE
    ../clib/microlib/stdio/streams.c         0x00000000   Number         0  stdout.o ABSOLUTE
    ../clib/microlib/stubs.s                 0x00000000   Number         0  iusefp.o ABSOLUTE
    ../fplib/microlib/d2f.c                  0x00000000   Number         0  d2f.o ABSOLUTE
    ../fplib/microlib/f2d.c                  0x00000000   Number         0  f2d.o ABSOLUTE
    ../fplib/microlib/fpadd.c                0x00000000   Number         0  fadd.o ABSOLUTE
    ../fplib/microlib/fpadd.c                0x00000000   Number         0  dadd.o ABSOLUTE
    ../fplib/microlib/fpdiv.c                0x00000000   Number         0  ddiv.o ABSOLUTE
    ../fplib/microlib/fpdiv.c                0x00000000   Number         0  fdiv.o ABSOLUTE
    ../fplib/microlib/fpepilogue.c           0x00000000   Number         0  fepilogue.o ABSOLUTE
    ../fplib/microlib/fpepilogue.c           0x00000000   Number         0  depilogue.o ABSOLUTE
    ../fplib/microlib/fpfix.c                0x00000000   Number         0  dfixul.o ABSOLUTE
    ../fplib/microlib/fpfix.c                0x00000000   Number         0  ffixi.o ABSOLUTE
    ../fplib/microlib/fpflt.c                0x00000000   Number         0  dfltui.o ABSOLUTE
    ../fplib/microlib/fpflt.c                0x00000000   Number         0  ffltui.o ABSOLUTE
    ../fplib/microlib/fpflt.c                0x00000000   Number         0  fflti.o ABSOLUTE
    ../fplib/microlib/fpmul.c                0x00000000   Number         0  fmul.o ABSOLUTE
    ../fplib/microlib/fpmul.c                0x00000000   Number         0  dmul.o ABSOLUTE
    C:\Keil_v5\ARM\PACK\Keil\STM32F1xx_DFP\2.2.0\Device\StdPeriph_Driver\src\misc.c 0x00000000   Number         0  misc.o ABSOLUTE
    C:\Keil_v5\ARM\PACK\Keil\STM32F1xx_DFP\2.2.0\Device\StdPeriph_Driver\src\stm32f10x_adc.c 0x00000000   Number         0  stm32f10x_adc.o ABSOLUTE
    C:\Keil_v5\ARM\PACK\Keil\STM32F1xx_DFP\2.2.0\Device\StdPeriph_Driver\src\stm32f10x_dac.c 0x00000000   Number         0  stm32f10x_dac.o ABSOLUTE
    C:\Keil_v5\ARM\PACK\Keil\STM32F1xx_DFP\2.2.0\Device\StdPeriph_Driver\src\stm32f10x_exti.c 0x00000000   Number         0  stm32f10x_exti.o ABSOLUTE
    C:\Keil_v5\ARM\PACK\Keil\STM32F1xx_DFP\2.2.0\Device\StdPeriph_Driver\src\stm32f10x_fsmc.c 0x00000000   Number         0  stm32f10x_fsmc.o ABSOLUTE
    C:\Keil_v5\ARM\PACK\Keil\STM32F1xx_DFP\2.2.0\Device\StdPeriph_Driver\src\stm32f10x_gpio.c 0x00000000   Number         0  stm32f10x_gpio.o ABSOLUTE
    C:\Keil_v5\ARM\PACK\Keil\STM32F1xx_DFP\2.2.0\Device\StdPeriph_Driver\src\stm32f10x_rcc.c 0x00000000   Number         0  stm32f10x_rcc.o ABSOLUTE
    C:\Keil_v5\ARM\PACK\Keil\STM32F1xx_DFP\2.2.0\Device\StdPeriph_Driver\src\stm32f10x_spi.c 0x00000000   Number         0  stm32f10x_spi.o ABSOLUTE
    C:\Keil_v5\ARM\PACK\Keil\STM32F1xx_DFP\2.2.0\Device\StdPeriph_Driver\src\stm32f10x_tim.c 0x00000000   Number         0  stm32f10x_tim.o ABSOLUTE
    C:\Keil_v5\ARM\PACK\Keil\STM32F1xx_DFP\2.2.0\Device\StdPeriph_Driver\src\stm32f10x_usart.c 0x00000000   Number         0  stm32f10x_usart.o ABSOLUTE
    C:\Keil_v5\ARM\PACK\Keil\STM32F1xx_DFP\2.2.0\RTE_Driver\GPIO_STM32F10x.c 0x00000000   Number         0  gpio_stm32f10x.o ABSOLUTE
    C:\\Keil_v5\\ARM\\PACK\\Keil\\STM32F1xx_DFP\\2.2.0\\Device\\StdPeriph_Driver\\src\\misc.c 0x00000000   Number         0  misc.o ABSOLUTE
    C:\\Keil_v5\\ARM\\PACK\\Keil\\STM32F1xx_DFP\\2.2.0\\Device\\StdPeriph_Driver\\src\\stm32f10x_adc.c 0x00000000   Number         0  stm32f10x_adc.o ABSOLUTE
    C:\\Keil_v5\\ARM\\PACK\\Keil\\STM32F1xx_DFP\\2.2.0\\Device\\StdPeriph_Driver\\src\\stm32f10x_dac.c 0x00000000   Number         0  stm32f10x_dac.o ABSOLUTE
    C:\\Keil_v5\\ARM\\PACK\\Keil\\STM32F1xx_DFP\\2.2.0\\Device\\StdPeriph_Driver\\src\\stm32f10x_exti.c 0x00000000   Number         0  stm32f10x_exti.o ABSOLUTE
    C:\\Keil_v5\\ARM\\PACK\\Keil\\STM32F1xx_DFP\\2.2.0\\Device\\StdPeriph_Driver\\src\\stm32f10x_fsmc.c 0x00000000   Number         0  stm32f10x_fsmc.o ABSOLUTE
    C:\\Keil_v5\\ARM\\PACK\\Keil\\STM32F1xx_DFP\\2.2.0\\Device\\StdPeriph_Driver\\src\\stm32f10x_gpio.c 0x00000000   Number         0  stm32f10x_gpio.o ABSOLUTE
    C:\\Keil_v5\\ARM\\PACK\\Keil\\STM32F1xx_DFP\\2.2.0\\Device\\StdPeriph_Driver\\src\\stm32f10x_rcc.c 0x00000000   Number         0  stm32f10x_rcc.o ABSOLUTE
    C:\\Keil_v5\\ARM\\PACK\\Keil\\STM32F1xx_DFP\\2.2.0\\Device\\StdPeriph_Driver\\src\\stm32f10x_spi.c 0x00000000   Number         0  stm32f10x_spi.o ABSOLUTE
    C:\\Keil_v5\\ARM\\PACK\\Keil\\STM32F1xx_DFP\\2.2.0\\Device\\StdPeriph_Driver\\src\\stm32f10x_tim.c 0x00000000   Number         0  stm32f10x_tim.o ABSOLUTE
    C:\\Keil_v5\\ARM\\PACK\\Keil\\STM32F1xx_DFP\\2.2.0\\Device\\StdPeriph_Driver\\src\\stm32f10x_usart.c 0x00000000   Number         0  stm32f10x_usart.o ABSOLUTE
    C:\\Keil_v5\\ARM\\PACK\\Keil\\STM32F1xx_DFP\\2.2.0\\RTE_Driver\\GPIO_STM32F10x.c 0x00000000   Number         0  gpio_stm32f10x.o ABSOLUTE
    RTE\Device\STM32F103ZE\startup_stm32f10x_hd.s 0x00000000   Number         0  startup_stm32f10x_hd.o ABSOLUTE
    RTE\Device\STM32F103ZE\system_stm32f10x.c 0x00000000   Number         0  system_stm32f10x.o ABSOLUTE
    RTE\\Device\\STM32F103ZE\\system_stm32f10x.c 0x00000000   Number         0  system_stm32f10x.o ABSOLUTE
    User\DAC\dac.c                           0x00000000   Number         0  dac.o ABSOLUTE
    User\IRControl\hwjs.c                    0x00000000   Number         0  hwjs.o ABSOLUTE
    User\LCD\tftlcd.c                        0x00000000   Number         0  tftlcd.o ABSOLUTE
    User\PWM\pwm.c                           0x00000000   Number         0  pwm.o ABSOLUTE
    User\\DAC\\dac.c                         0x00000000   Number         0  dac.o ABSOLUTE
    User\\IRControl\\hwjs.c                  0x00000000   Number         0  hwjs.o ABSOLUTE
    User\\LCD\\tftlcd.c                      0x00000000   Number         0  tftlcd.o ABSOLUTE
    User\\PWM\\pwm.c                         0x00000000   Number         0  pwm.o ABSOLUTE
    User\\adc\\adc.c                         0x00000000   Number         0  adc.o ABSOLUTE
    User\\beep\\beep.c                       0x00000000   Number         0  beep.o ABSOLUTE
    User\\dht11\\dht11.c                     0x00000000   Number         0  dht11.o ABSOLUTE
    User\\exti\\exti.c                       0x00000000   Number         0  exti.o ABSOLUTE
    User\\iic\\iic.c                         0x00000000   Number         0  iic.o ABSOLUTE
    User\\key\\key.c                         0x00000000   Number         0  key.o ABSOLUTE
    User\\laser\\laser.c                     0x00000000   Number         0  laser.o ABSOLUTE
    User\\led\\led.c                         0x00000000   Number         0  led.o ABSOLUTE
    User\\main.c                             0x00000000   Number         0  main.o ABSOLUTE
    User\\motor\\motor.c                     0x00000000   Number         0  motor.o ABSOLUTE
    User\\sht30\\sht30.c                     0x00000000   Number         0  sht30.o ABSOLUTE
    User\\spi\\spi.c                         0x00000000   Number         0  spi.o ABSOLUTE
    User\\system\\system.c                   0x00000000   Number         0  system.o ABSOLUTE
    User\\systick\\SysTick.c                 0x00000000   Number         0  systick.o ABSOLUTE
    User\\time\\time.c                       0x00000000   Number         0  time.o ABSOLUTE
    User\\usart\\usart.c                     0x00000000   Number         0  usart.o ABSOLUTE
    User\adc\adc.c                           0x00000000   Number         0  adc.o ABSOLUTE
    User\beep\beep.c                         0x00000000   Number         0  beep.o ABSOLUTE
    User\dht11\dht11.c                       0x00000000   Number         0  dht11.o ABSOLUTE
    User\exti\exti.c                         0x00000000   Number         0  exti.o ABSOLUTE
    User\iic\iic.c                           0x00000000   Number         0  iic.o ABSOLUTE
    User\key\key.c                           0x00000000   Number         0  key.o ABSOLUTE
    User\laser\laser.c                       0x00000000   Number         0  laser.o ABSOLUTE
    User\led\led.c                           0x00000000   Number         0  led.o ABSOLUTE
    User\main.c                              0x00000000   Number         0  main.o ABSOLUTE
    User\motor\motor.c                       0x00000000   Number         0  motor.o ABSOLUTE
    User\sht30\sht30.c                       0x00000000   Number         0  sht30.o ABSOLUTE
    User\spi\spi.c                           0x00000000   Number         0  spi.o ABSOLUTE
    User\system\system.c                     0x00000000   Number         0  system.o ABSOLUTE
    User\systick\SysTick.c                   0x00000000   Number         0  systick.o ABSOLUTE
    User\time\time.c                         0x00000000   Number         0  time.o ABSOLUTE
    User\usart\usart.c                       0x00000000   Number         0  usart.o ABSOLUTE
    cdcmple.s                                0x00000000   Number         0  cdcmple.o ABSOLUTE
    cdrcmple.s                               0x00000000   Number         0  cdrcmple.o ABSOLUTE
    cfcmple.s                                0x00000000   Number         0  cfcmple.o ABSOLUTE
    dc.s                                     0x00000000   Number         0  dc.o ABSOLUTE
    handlers.s                               0x00000000   Number         0  handlers.o ABSOLUTE
    init.s                                   0x00000000   Number         0  init.o ABSOLUTE
    RESET                                    0x08000000   Section      304  startup_stm32f10x_hd.o(RESET)
    .ARM.Collect$$$$00000000                 0x08000130   Section        0  entry.o(.ARM.Collect$$$$00000000)
    .ARM.Collect$$$$00000001                 0x08000130   Section        4  entry2.o(.ARM.Collect$$$$00000001)
    .ARM.Collect$$$$00000004                 0x08000134   Section        4  entry5.o(.ARM.Collect$$$$00000004)
    .ARM.Collect$$$$00000008                 0x08000138   Section        0  entry7b.o(.ARM.Collect$$$$00000008)
    .ARM.Collect$$$$0000000A                 0x08000138   Section        0  entry8b.o(.ARM.Collect$$$$0000000A)
    .ARM.Collect$$$$0000000B                 0x08000138   Section        8  entry9a.o(.ARM.Collect$$$$0000000B)
    .ARM.Collect$$$$0000000D                 0x08000140   Section        0  entry10a.o(.ARM.Collect$$$$0000000D)
    .ARM.Collect$$$$0000000F                 0x08000140   Section        0  entry11a.o(.ARM.Collect$$$$0000000F)
    .ARM.Collect$$$$00002712                 0x08000140   Section        4  entry2.o(.ARM.Collect$$$$00002712)
    __lit__00000000                          0x08000140   Data           4  entry2.o(.ARM.Collect$$$$00002712)
    .text                                    0x08000144   Section       36  startup_stm32f10x_hd.o(.text)
    .text                                    0x08000168   Section        0  fadd.o(.text)
    .text                                    0x08000218   Section        0  fmul.o(.text)
    .text                                    0x0800027c   Section        0  fdiv.o(.text)
    .text                                    0x080002f8   Section        0  dadd.o(.text)
    .text                                    0x08000446   Section        0  dmul.o(.text)
    .text                                    0x0800052a   Section        0  ddiv.o(.text)
    .text                                    0x08000608   Section        0  fflti.o(.text)
    .text                                    0x0800061a   Section        0  ffltui.o(.text)
    .text                                    0x08000624   Section        0  dfltui.o(.text)
    .text                                    0x0800063e   Section        0  ffixi.o(.text)
    .text                                    0x08000670   Section        0  f2d.o(.text)
    .text                                    0x08000698   Section       48  cdcmple.o(.text)
    .text                                    0x080006c8   Section       48  cdrcmple.o(.text)
    .text                                    0x080006f8   Section        0  d2f.o(.text)
    .text                                    0x08000730   Section       20  cfcmple.o(.text)
    .text                                    0x08000744   Section        0  uidiv.o(.text)
    .text                                    0x08000770   Section        0  uldiv.o(.text)
    .text                                    0x080007d2   Section        0  llshl.o(.text)
    .text                                    0x080007f0   Section        0  llsshr.o(.text)
    .text                                    0x08000814   Section        0  fepilogue.o(.text)
    .text                                    0x08000814   Section        0  iusefp.o(.text)
    .text                                    0x08000882   Section        0  depilogue.o(.text)
    .text                                    0x0800093c   Section        0  dfixul.o(.text)
    .text                                    0x0800096c   Section       36  init.o(.text)
    .text                                    0x08000990   Section        0  llushr.o(.text)
    i.ADC_Cmd                                0x080009b0   Section        0  stm32f10x_adc.o(i.ADC_Cmd)
    i.ADC_GetCalibrationStatus               0x080009c6   Section        0  stm32f10x_adc.o(i.ADC_GetCalibrationStatus)
    i.ADC_GetConversionValue                 0x080009da   Section        0  stm32f10x_adc.o(i.ADC_GetConversionValue)
    i.ADC_GetFlagStatus                      0x080009e2   Section        0  stm32f10x_adc.o(i.ADC_GetFlagStatus)
    i.ADC_GetResetCalibrationStatus          0x080009f4   Section        0  stm32f10x_adc.o(i.ADC_GetResetCalibrationStatus)
    i.ADC_Init                               0x08000a08   Section        0  stm32f10x_adc.o(i.ADC_Init)
    i.ADC_RegularChannelConfig               0x08000a58   Section        0  stm32f10x_adc.o(i.ADC_RegularChannelConfig)
    i.ADC_ResetCalibration                   0x08000b10   Section        0  stm32f10x_adc.o(i.ADC_ResetCalibration)
    i.ADC_SoftwareStartConvCmd               0x08000b1a   Section        0  stm32f10x_adc.o(i.ADC_SoftwareStartConvCmd)
    i.ADC_StartCalibration                   0x08000b30   Section        0  stm32f10x_adc.o(i.ADC_StartCalibration)
    i.ADCx_Init                              0x08000b3c   Section        0  adc.o(i.ADCx_Init)
    i.BEEP_Init                              0x08000bd0   Section        0  beep.o(i.BEEP_Init)
    i.BEEP_On                                0x08000bfc   Section        0  beep.o(i.BEEP_On)
    i.DAC1_Init                              0x08000c54   Section        0  dac.o(i.DAC1_Init)
    i.DAC1_SetValue                          0x08000cb0   Section        0  dac.o(i.DAC1_SetValue)
    i.DAC_Cmd                                0x08000cd0   Section        0  stm32f10x_dac.o(i.DAC_Cmd)
    i.DAC_Init                               0x08000cf8   Section        0  stm32f10x_dac.o(i.DAC_Init)
    i.DAC_SetChannel1Data                    0x08000d2c   Section        0  stm32f10x_dac.o(i.DAC_SetChannel1Data)
    i.DHT11_ConfigIn                         0x08000d4c   Section        0  dht11.o(i.DHT11_ConfigIn)
    i.DHT11_ConfigOut                        0x08000d68   Section        0  dht11.o(i.DHT11_ConfigOut)
    i.DHT11_ReadBit                          0x08000d94   Section        0  dht11.o(i.DHT11_ReadBit)
    i.DHT11_ReadByte                         0x08000dc4   Section        0  dht11.o(i.DHT11_ReadByte)
    i.DHT11_ReadData                         0x08000de8   Section        0  dht11.o(i.DHT11_ReadData)
    i.DHT11_Reset                            0x08000e58   Section        0  dht11.o(i.DHT11_Reset)
    i.DHT11_Scan                             0x08000e88   Section        0  dht11.o(i.DHT11_Scan)
    i.EXTI15_10_IRQHandler                   0x08000e94   Section        0  hwjs.o(i.EXTI15_10_IRQHandler)
    i.EXTI2_IRQHandler                       0x08001180   Section        0  exti.o(i.EXTI2_IRQHandler)
    i.EXTI4_IRQHandler                       0x080011bc   Section        0  exti.o(i.EXTI4_IRQHandler)
    i.EXTI_ClearITPendingBit                 0x080011f8   Section        0  stm32f10x_exti.o(i.EXTI_ClearITPendingBit)
    i.EXTI_GetITStatus                       0x08001204   Section        0  stm32f10x_exti.o(i.EXTI_GetITStatus)
    i.EXTI_Init                              0x0800122c   Section        0  stm32f10x_exti.o(i.EXTI_Init)
    i.FSMC_NORSRAMCmd                        0x080012c0   Section        0  stm32f10x_fsmc.o(i.FSMC_NORSRAMCmd)
    i.FSMC_NORSRAMInit                       0x080012f4   Section        0  stm32f10x_fsmc.o(i.FSMC_NORSRAMInit)
    i.GPIO_EXTILineConfig                    0x080013dc   Section        0  stm32f10x_gpio.o(i.GPIO_EXTILineConfig)
    i.GPIO_Init                              0x0800141c   Section        0  stm32f10x_gpio.o(i.GPIO_Init)
    i.GPIO_PinRemapConfig                    0x08001534   Section        0  stm32f10x_gpio.o(i.GPIO_PinRemapConfig)
    i.GPIO_ReadInputDataBit                  0x080015c4   Section        0  stm32f10x_gpio.o(i.GPIO_ReadInputDataBit)
    i.GPIO_SetBits                           0x080015d6   Section        0  stm32f10x_gpio.o(i.GPIO_SetBits)
    i.Get_ADC_Value                          0x080015dc   Section        0  adc.o(i.Get_ADC_Value)
    i.HW_jssj                                0x08001630   Section        0  hwjs.o(i.HW_jssj)
    i.Hwjs_Init                              0x08001660   Section        0  hwjs.o(i.Hwjs_Init)
    i.IIC_Ack                                0x080016d4   Section        0  iic.o(i.IIC_Ack)
    i.IIC_Init                               0x0800170c   Section        0  iic.o(i.IIC_Init)
    i.IIC_NAck                               0x0800175c   Section        0  iic.o(i.IIC_NAck)
    i.IIC_Read_Byte                          0x08001794   Section        0  iic.o(i.IIC_Read_Byte)
    i.IIC_Send_Byte                          0x080017dc   Section        0  iic.o(i.IIC_Send_Byte)
    i.IIC_Start                              0x0800183c   Section        0  iic.o(i.IIC_Start)
    i.IIC_Stop                               0x08001874   Section        0  iic.o(i.IIC_Stop)
    i.IIC_Wait_Ack                           0x080018a8   Section        0  iic.o(i.IIC_Wait_Ack)
    i.KEY_EXTI_Init                          0x08001914   Section        0  exti.o(i.KEY_EXTI_Init)
    i.KEY_Init                               0x080019ec   Section        0  key.o(i.KEY_Init)
    i.LCD_Clear                              0x08001a34   Section        0  tftlcd.o(i.LCD_Clear)
    i.LCD_Display_Dir                        0x08001a7c   Section        0  tftlcd.o(i.LCD_Display_Dir)
    i.LCD_DrawFRONT_COLOR                    0x08001ae0   Section        0  tftlcd.o(i.LCD_DrawFRONT_COLOR)
    i.LCD_ReadData                           0x08001afc   Section        0  tftlcd.o(i.LCD_ReadData)
    i.LCD_Set_Window                         0x08001b08   Section        0  tftlcd.o(i.LCD_Set_Window)
    i.LCD_ShowChar                           0x08001bcc   Section        0  tftlcd.o(i.LCD_ShowChar)
    i.LCD_ShowString                         0x08001cf4   Section        0  tftlcd.o(i.LCD_ShowString)
    i.LCD_WriteCmd                           0x08001d5c   Section        0  tftlcd.o(i.LCD_WriteCmd)
    i.LCD_WriteData                          0x08001d68   Section        0  tftlcd.o(i.LCD_WriteData)
    i.LCD_WriteData_Color                    0x08001d74   Section        0  tftlcd.o(i.LCD_WriteData_Color)
    i.LED_Init                               0x08001d80   Section        0  led.o(i.LED_Init)
    i.MOTOR_Init                             0x08001db4   Section        0  motor.o(i.MOTOR_Init)
    i.MOTOR_Run                              0x08001df4   Section        0  motor.o(i.MOTOR_Run)
    i.NVIC_Init                              0x08001e1c   Section        0  misc.o(i.NVIC_Init)
    i.NVIC_PriorityGroupConfig               0x08001e8c   Section        0  misc.o(i.NVIC_PriorityGroupConfig)
    i.RCC_ADCCLKConfig                       0x08001ea0   Section        0  stm32f10x_rcc.o(i.RCC_ADCCLKConfig)
    i.RCC_AHBPeriphClockCmd                  0x08001eb8   Section        0  stm32f10x_rcc.o(i.RCC_AHBPeriphClockCmd)
    i.RCC_APB1PeriphClockCmd                 0x08001ed8   Section        0  stm32f10x_rcc.o(i.RCC_APB1PeriphClockCmd)
    i.RCC_APB2PeriphClockCmd                 0x08001ef8   Section        0  stm32f10x_rcc.o(i.RCC_APB2PeriphClockCmd)
    i.RCC_GetClocksFreq                      0x08001f18   Section        0  stm32f10x_rcc.o(i.RCC_GetClocksFreq)
    i.SDA_IN                                 0x08001fec   Section        0  iic.o(i.SDA_IN)
    i.SDA_OUT                                0x0800200c   Section        0  iic.o(i.SDA_OUT)
    i.SHT30_Init                             0x08002030   Section        0  sht30.o(i.SHT30_Init)
    i.SHT30_Measure                          0x08002038   Section        0  sht30.o(i.SHT30_Measure)
    i.SHT30_Write_H                          0x080020cc   Section        0  sht30.o(i.SHT30_Write_H)
    i.SHT30_Write_P                          0x080020f6   Section        0  sht30.o(i.SHT30_Write_P)
    i.SetSysClock                            0x08002120   Section        0  system_stm32f10x.o(i.SetSysClock)
    SetSysClock                              0x08002121   Thumb Code     8  system_stm32f10x.o(i.SetSysClock)
    i.SetSysClockTo72                        0x08002128   Section        0  system_stm32f10x.o(i.SetSysClockTo72)
    SetSysClockTo72                          0x08002129   Thumb Code   214  system_stm32f10x.o(i.SetSysClockTo72)
    i.SysTick_CLKSourceConfig                0x08002208   Section        0  misc.o(i.SysTick_CLKSourceConfig)
    i.SysTick_Init                           0x08002230   Section        0  systick.o(i.SysTick_Init)
    i.SystemInit                             0x0800226c   Section        0  system_stm32f10x.o(i.SystemInit)
    i.TFTLCD_FSMC_Init                       0x080022cc   Section        0  tftlcd.o(i.TFTLCD_FSMC_Init)
    i.TFTLCD_GPIO_Init                       0x08002348   Section        0  tftlcd.o(i.TFTLCD_GPIO_Init)
    i.TFTLCD_Init                            0x080023b8   Section        0  tftlcd.o(i.TFTLCD_Init)
    i.TIM3_CH1_PWM_Init                      0x08002694   Section        0  pwm.o(i.TIM3_CH1_PWM_Init)
    i.TIM4_CH1_PWM_Init                      0x08002734   Section        0  pwm.o(i.TIM4_CH1_PWM_Init)
    i.TIM4_CH1_PWM_State                     0x080027d0   Section        0  pwm.o(i.TIM4_CH1_PWM_State)
    i.TIM4_IRQHandler                        0x080027fc   Section        0  time.o(i.TIM4_IRQHandler)
    i.TIM_ARRPreloadConfig                   0x08002824   Section        0  stm32f10x_tim.o(i.TIM_ARRPreloadConfig)
    i.TIM_ClearITPendingBit                  0x0800283c   Section        0  stm32f10x_tim.o(i.TIM_ClearITPendingBit)
    i.TIM_Cmd                                0x08002842   Section        0  stm32f10x_tim.o(i.TIM_Cmd)
    i.TIM_GenerateEvent                      0x0800285a   Section        0  stm32f10x_tim.o(i.TIM_GenerateEvent)
    i.TIM_GetITStatus                        0x0800285e   Section        0  stm32f10x_tim.o(i.TIM_GetITStatus)
    i.TIM_OC1Init                            0x08002880   Section        0  stm32f10x_tim.o(i.TIM_OC1Init)
    i.TIM_OC1PreloadConfig                   0x08002918   Section        0  stm32f10x_tim.o(i.TIM_OC1PreloadConfig)
    i.TIM_SetCompare1                        0x0800292a   Section        0  stm32f10x_tim.o(i.TIM_SetCompare1)
    i.TIM_TimeBaseInit                       0x08002930   Section        0  stm32f10x_tim.o(i.TIM_TimeBaseInit)
    i.USART1_IRQHandler                      0x080029d4   Section        0  usart.o(i.USART1_IRQHandler)
    i.USART1_Init                            0x08002a1c   Section        0  usart.o(i.USART1_Init)
    i.USART_ClearFlag                        0x08002acc   Section        0  stm32f10x_usart.o(i.USART_ClearFlag)
    i.USART_ClearITPendingBit                0x08002ade   Section        0  stm32f10x_usart.o(i.USART_ClearITPendingBit)
    i.USART_Cmd                              0x08002afc   Section        0  stm32f10x_usart.o(i.USART_Cmd)
    i.USART_GetFlagStatus                    0x08002b14   Section        0  stm32f10x_usart.o(i.USART_GetFlagStatus)
    i.USART_GetITStatus                      0x08002b2e   Section        0  stm32f10x_usart.o(i.USART_GetITStatus)
    i.USART_ITConfig                         0x08002b82   Section        0  stm32f10x_usart.o(i.USART_ITConfig)
    i.USART_Init                             0x08002bcc   Section        0  stm32f10x_usart.o(i.USART_Init)
    i.USART_ReceiveData                      0x08002ca4   Section        0  stm32f10x_usart.o(i.USART_ReceiveData)
    i.USART_SendData                         0x08002cae   Section        0  stm32f10x_usart.o(i.USART_SendData)
    i.__0printf                              0x08002cb8   Section        0  printfa.o(i.__0printf)
    i.__0sprintf                             0x08002cd8   Section        0  printfa.o(i.__0sprintf)
    i.__scatterload_copy                     0x08002d00   Section       14  handlers.o(i.__scatterload_copy)
    i.__scatterload_null                     0x08002d0e   Section        2  handlers.o(i.__scatterload_null)
    i.__scatterload_zeroinit                 0x08002d10   Section       14  handlers.o(i.__scatterload_zeroinit)
    i._fp_digits                             0x08002d20   Section        0  printfa.o(i._fp_digits)
    _fp_digits                               0x08002d21   Thumb Code   366  printfa.o(i._fp_digits)
    i._printf_core                           0x08002ea4   Section        0  printfa.o(i._printf_core)
    _printf_core                             0x08002ea5   Thumb Code  1744  printfa.o(i._printf_core)
    i._printf_post_padding                   0x08003580   Section        0  printfa.o(i._printf_post_padding)
    _printf_post_padding                     0x08003581   Thumb Code    36  printfa.o(i._printf_post_padding)
    i._printf_pre_padding                    0x080035a4   Section        0  printfa.o(i._printf_pre_padding)
    _printf_pre_padding                      0x080035a5   Thumb Code    46  printfa.o(i._printf_pre_padding)
    i._sputc                                 0x080035d2   Section        0  printfa.o(i._sputc)
    _sputc                                   0x080035d3   Thumb Code    10  printfa.o(i._sputc)
    i.delay_ms                               0x080035dc   Section        0  systick.o(i.delay_ms)
    i.delay_us                               0x08003628   Section        0  systick.o(i.delay_us)
    i.fputc                                  0x08003674   Section        0  usart.o(i.fputc)
    i.main                                   0x08003698   Section        0  main.o(i.main)
    .constdata                               0x08003f04   Section     7142  tftlcd.o(.constdata)
    .data                                    0x20000000   Section        4  systick.o(.data)
    fac_us                                   0x20000000   Data           1  systick.o(.data)
    fac_ms                                   0x20000002   Data           2  systick.o(.data)
    .data                                    0x20000004   Section       12  tftlcd.o(.data)
    .data                                    0x20000010   Section       10  hwjs.o(.data)
    .data                                    0x2000001a   Section        7  sht30.o(.data)
    .data                                    0x20000021   Section       20  stm32f10x_rcc.o(.data)
    APBAHBPrescTable                         0x20000021   Data          16  stm32f10x_rcc.o(.data)
    ADCPrescTable                            0x20000031   Data           4  stm32f10x_rcc.o(.data)
    .data                                    0x20000038   Section        4  stdout.o(.data)
    STACK                                    0x20000040   Section     1024  startup_stm32f10x_hd.o(STACK)

    Global Symbols

    Symbol Name                              Value     Ov Type        Size  Object(Section)

    BuildAttributes$$THM_ISAv4$P$D$K$B$S$PE$A:L22UL41UL21$X:L11$S22US41US21$IEEE1$IW$USESV6$~STKCKD$USESV7$~SHL$OTIME$ROPI$EBA8$MICROLIB$REQ8$PRES8$EABIv2 0x00000000   Number         0  anon$$obj.o ABSOLUTE
    __ARM_use_no_argv                        0x00000000   Number         0  main.o ABSOLUTE
    _printf_a                                0x00000000   Number         0  stubs.o ABSOLUTE
    _printf_c                                0x00000000   Number         0  stubs.o ABSOLUTE
    _printf_charcount                        0x00000000   Number         0  stubs.o ABSOLUTE
    _printf_d                                0x00000000   Number         0  stubs.o ABSOLUTE
    _printf_e                                0x00000000   Number         0  stubs.o ABSOLUTE
    _printf_f                                0x00000000   Number         0  stubs.o ABSOLUTE
    _printf_flags                            0x00000000   Number         0  stubs.o ABSOLUTE
    _printf_fp_dec                           0x00000000   Number         0  stubs.o ABSOLUTE
    _printf_fp_hex                           0x00000000   Number         0  stubs.o ABSOLUTE
    _printf_g                                0x00000000   Number         0  stubs.o ABSOLUTE
    _printf_i                                0x00000000   Number         0  stubs.o ABSOLUTE
    _printf_int_dec                          0x00000000   Number         0  stubs.o ABSOLUTE
    _printf_l                                0x00000000   Number         0  stubs.o ABSOLUTE
    _printf_lc                               0x00000000   Number         0  stubs.o ABSOLUTE
    _printf_ll                               0x00000000   Number         0  stubs.o ABSOLUTE
    _printf_lld                              0x00000000   Number         0  stubs.o ABSOLUTE
    _printf_lli                              0x00000000   Number         0  stubs.o ABSOLUTE
    _printf_llo                              0x00000000   Number         0  stubs.o ABSOLUTE
    _printf_llu                              0x00000000   Number         0  stubs.o ABSOLUTE
    _printf_llx                              0x00000000   Number         0  stubs.o ABSOLUTE
    _printf_longlong_dec                     0x00000000   Number         0  stubs.o ABSOLUTE
    _printf_longlong_hex                     0x00000000   Number         0  stubs.o ABSOLUTE
    _printf_longlong_oct                     0x00000000   Number         0  stubs.o ABSOLUTE
    _printf_ls                               0x00000000   Number         0  stubs.o ABSOLUTE
    _printf_mbtowc                           0x00000000   Number         0  stubs.o ABSOLUTE
    _printf_n                                0x00000000   Number         0  stubs.o ABSOLUTE
    _printf_o                                0x00000000   Number         0  stubs.o ABSOLUTE
    _printf_p                                0x00000000   Number         0  stubs.o ABSOLUTE
    _printf_percent                          0x00000000   Number         0  stubs.o ABSOLUTE
    _printf_pre_padding                      0x00000000   Number         0  stubs.o ABSOLUTE
    _printf_return_value                     0x00000000   Number         0  stubs.o ABSOLUTE
    _printf_s                                0x00000000   Number         0  stubs.o ABSOLUTE
    _printf_sizespec                         0x00000000   Number         0  stubs.o ABSOLUTE
    _printf_str                              0x00000000   Number         0  stubs.o ABSOLUTE
    _printf_truncate_signed                  0x00000000   Number         0  stubs.o ABSOLUTE
    _printf_truncate_unsigned                0x00000000   Number         0  stubs.o ABSOLUTE
    _printf_u                                0x00000000   Number         0  stubs.o ABSOLUTE
    _printf_wc                               0x00000000   Number         0  stubs.o ABSOLUTE
    _printf_wctomb                           0x00000000   Number         0  stubs.o ABSOLUTE
    _printf_widthprec                        0x00000000   Number         0  stubs.o ABSOLUTE
    _printf_x                                0x00000000   Number         0  stubs.o ABSOLUTE
    __cpp_initialize__aeabi_                  - Undefined Weak Reference
    __cxa_finalize                            - Undefined Weak Reference
    __decompress                              - Undefined Weak Reference
    _clock_init                               - Undefined Weak Reference
    _microlib_exit                            - Undefined Weak Reference
    __Vectors_Size                           0x00000130   Number         0  startup_stm32f10x_hd.o ABSOLUTE
    __Vectors                                0x08000000   Data           4  startup_stm32f10x_hd.o(RESET)
    __Vectors_End                            0x08000130   Data           0  startup_stm32f10x_hd.o(RESET)
    __main                                   0x08000131   Thumb Code     0  entry.o(.ARM.Collect$$$$00000000)
    _main_stk                                0x08000131   Thumb Code     0  entry2.o(.ARM.Collect$$$$00000001)
    _main_scatterload                        0x08000135   Thumb Code     0  entry5.o(.ARM.Collect$$$$00000004)
    __main_after_scatterload                 0x08000139   Thumb Code     0  entry5.o(.ARM.Collect$$$$00000004)
    _main_clock                              0x08000139   Thumb Code     0  entry7b.o(.ARM.Collect$$$$00000008)
    _main_cpp_init                           0x08000139   Thumb Code     0  entry8b.o(.ARM.Collect$$$$0000000A)
    _main_init                               0x08000139   Thumb Code     0  entry9a.o(.ARM.Collect$$$$0000000B)
    __rt_final_cpp                           0x08000141   Thumb Code     0  entry10a.o(.ARM.Collect$$$$0000000D)
    __rt_final_exit                          0x08000141   Thumb Code     0  entry11a.o(.ARM.Collect$$$$0000000F)
    Reset_Handler                            0x08000145   Thumb Code     8  startup_stm32f10x_hd.o(.text)
    NMI_Handler                              0x0800014d   Thumb Code     2  startup_stm32f10x_hd.o(.text)
    HardFault_Handler                        0x0800014f   Thumb Code     2  startup_stm32f10x_hd.o(.text)
    MemManage_Handler                        0x08000151   Thumb Code     2  startup_stm32f10x_hd.o(.text)
    BusFault_Handler                         0x08000153   Thumb Code     2  startup_stm32f10x_hd.o(.text)
    UsageFault_Handler                       0x08000155   Thumb Code     2  startup_stm32f10x_hd.o(.text)
    SVC_Handler                              0x08000157   Thumb Code     2  startup_stm32f10x_hd.o(.text)
    DebugMon_Handler                         0x08000159   Thumb Code     2  startup_stm32f10x_hd.o(.text)
    PendSV_Handler                           0x0800015b   Thumb Code     2  startup_stm32f10x_hd.o(.text)
    SysTick_Handler                          0x0800015d   Thumb Code     2  startup_stm32f10x_hd.o(.text)
    ADC1_2_IRQHandler                        0x0800015f   Thumb Code     0  startup_stm32f10x_hd.o(.text)
    ADC3_IRQHandler                          0x0800015f   Thumb Code     0  startup_stm32f10x_hd.o(.text)
    CAN1_RX1_IRQHandler                      0x0800015f   Thumb Code     0  startup_stm32f10x_hd.o(.text)
    CAN1_SCE_IRQHandler                      0x0800015f   Thumb Code     0  startup_stm32f10x_hd.o(.text)
    DMA1_Channel1_IRQHandler                 0x0800015f   Thumb Code     0  startup_stm32f10x_hd.o(.text)
    DMA1_Channel2_IRQHandler                 0x0800015f   Thumb Code     0  startup_stm32f10x_hd.o(.text)
    DMA1_Channel3_IRQHandler                 0x0800015f   Thumb Code     0  startup_stm32f10x_hd.o(.text)
    DMA1_Channel4_IRQHandler                 0x0800015f   Thumb Code     0  startup_stm32f10x_hd.o(.text)
    DMA1_Channel5_IRQHandler                 0x0800015f   Thumb Code     0  startup_stm32f10x_hd.o(.text)
    DMA1_Channel6_IRQHandler                 0x0800015f   Thumb Code     0  startup_stm32f10x_hd.o(.text)
    DMA1_Channel7_IRQHandler                 0x0800015f   Thumb Code     0  startup_stm32f10x_hd.o(.text)
    DMA2_Channel1_IRQHandler                 0x0800015f   Thumb Code     0  startup_stm32f10x_hd.o(.text)
    DMA2_Channel2_IRQHandler                 0x0800015f   Thumb Code     0  startup_stm32f10x_hd.o(.text)
    DMA2_Channel3_IRQHandler                 0x0800015f   Thumb Code     0  startup_stm32f10x_hd.o(.text)
    DMA2_Channel4_5_IRQHandler               0x0800015f   Thumb Code     0  startup_stm32f10x_hd.o(.text)
    EXTI0_IRQHandler                         0x0800015f   Thumb Code     0  startup_stm32f10x_hd.o(.text)
    EXTI1_IRQHandler                         0x0800015f   Thumb Code     0  startup_stm32f10x_hd.o(.text)
    EXTI3_IRQHandler                         0x0800015f   Thumb Code     0  startup_stm32f10x_hd.o(.text)
    EXTI9_5_IRQHandler                       0x0800015f   Thumb Code     0  startup_stm32f10x_hd.o(.text)
    FLASH_IRQHandler                         0x0800015f   Thumb Code     0  startup_stm32f10x_hd.o(.text)
    FSMC_IRQHandler                          0x0800015f   Thumb Code     0  startup_stm32f10x_hd.o(.text)
    I2C1_ER_IRQHandler                       0x0800015f   Thumb Code     0  startup_stm32f10x_hd.o(.text)
    I2C1_EV_IRQHandler                       0x0800015f   Thumb Code     0  startup_stm32f10x_hd.o(.text)
    I2C2_ER_IRQHandler                       0x0800015f   Thumb Code     0  startup_stm32f10x_hd.o(.text)
    I2C2_EV_IRQHandler                       0x0800015f   Thumb Code     0  startup_stm32f10x_hd.o(.text)
    PVD_IRQHandler                           0x0800015f   Thumb Code     0  startup_stm32f10x_hd.o(.text)
    RCC_IRQHandler                           0x0800015f   Thumb Code     0  startup_stm32f10x_hd.o(.text)
    RTCAlarm_IRQHandler                      0x0800015f   Thumb Code     0  startup_stm32f10x_hd.o(.text)
    RTC_IRQHandler                           0x0800015f   Thumb Code     0  startup_stm32f10x_hd.o(.text)
    SDIO_IRQHandler                          0x0800015f   Thumb Code     0  startup_stm32f10x_hd.o(.text)
    SPI1_IRQHandler                          0x0800015f   Thumb Code     0  startup_stm32f10x_hd.o(.text)
    SPI2_IRQHandler                          0x0800015f   Thumb Code     0  startup_stm32f10x_hd.o(.text)
    SPI3_IRQHandler                          0x0800015f   Thumb Code     0  startup_stm32f10x_hd.o(.text)
    TAMPER_IRQHandler                        0x0800015f   Thumb Code     0  startup_stm32f10x_hd.o(.text)
    TIM1_BRK_IRQHandler                      0x0800015f   Thumb Code     0  startup_stm32f10x_hd.o(.text)
    TIM1_CC_IRQHandler                       0x0800015f   Thumb Code     0  startup_stm32f10x_hd.o(.text)
    TIM1_TRG_COM_IRQHandler                  0x0800015f   Thumb Code     0  startup_stm32f10x_hd.o(.text)
    TIM1_UP_IRQHandler                       0x0800015f   Thumb Code     0  startup_stm32f10x_hd.o(.text)
    TIM2_IRQHandler                          0x0800015f   Thumb Code     0  startup_stm32f10x_hd.o(.text)
    TIM3_IRQHandler                          0x0800015f   Thumb Code     0  startup_stm32f10x_hd.o(.text)
    TIM5_IRQHandler                          0x0800015f   Thumb Code     0  startup_stm32f10x_hd.o(.text)
    TIM6_IRQHandler                          0x0800015f   Thumb Code     0  startup_stm32f10x_hd.o(.text)
    TIM7_IRQHandler                          0x0800015f   Thumb Code     0  startup_stm32f10x_hd.o(.text)
    TIM8_BRK_IRQHandler                      0x0800015f   Thumb Code     0  startup_stm32f10x_hd.o(.text)
    TIM8_CC_IRQHandler                       0x0800015f   Thumb Code     0  startup_stm32f10x_hd.o(.text)
    TIM8_TRG_COM_IRQHandler                  0x0800015f   Thumb Code     0  startup_stm32f10x_hd.o(.text)
    TIM8_UP_IRQHandler                       0x0800015f   Thumb Code     0  startup_stm32f10x_hd.o(.text)
    UART4_IRQHandler                         0x0800015f   Thumb Code     0  startup_stm32f10x_hd.o(.text)
    UART5_IRQHandler                         0x0800015f   Thumb Code     0  startup_stm32f10x_hd.o(.text)
    USART2_IRQHandler                        0x0800015f   Thumb Code     0  startup_stm32f10x_hd.o(.text)
    USART3_IRQHandler                        0x0800015f   Thumb Code     0  startup_stm32f10x_hd.o(.text)
    USBWakeUp_IRQHandler                     0x0800015f   Thumb Code     0  startup_stm32f10x_hd.o(.text)
    USB_HP_CAN1_TX_IRQHandler                0x0800015f   Thumb Code     0  startup_stm32f10x_hd.o(.text)
    USB_LP_CAN1_RX0_IRQHandler               0x0800015f   Thumb Code     0  startup_stm32f10x_hd.o(.text)
    WWDG_IRQHandler                          0x0800015f   Thumb Code     0  startup_stm32f10x_hd.o(.text)
    __aeabi_fadd                             0x08000169   Thumb Code   164  fadd.o(.text)
    __aeabi_fsub                             0x0800020d   Thumb Code     6  fadd.o(.text)
    __aeabi_frsub                            0x08000213   Thumb Code     6  fadd.o(.text)
    __aeabi_fmul                             0x08000219   Thumb Code   100  fmul.o(.text)
    __aeabi_fdiv                             0x0800027d   Thumb Code   124  fdiv.o(.text)
    __aeabi_dadd                             0x080002f9   Thumb Code   322  dadd.o(.text)
    __aeabi_dsub                             0x0800043b   Thumb Code     6  dadd.o(.text)
    __aeabi_drsub                            0x08000441   Thumb Code     6  dadd.o(.text)
    __aeabi_dmul                             0x08000447   Thumb Code   228  dmul.o(.text)
    __aeabi_ddiv                             0x0800052b   Thumb Code   222  ddiv.o(.text)
    __aeabi_i2f                              0x08000609   Thumb Code    18  fflti.o(.text)
    __aeabi_ui2f                             0x0800061b   Thumb Code    10  ffltui.o(.text)
    __aeabi_ui2d                             0x08000625   Thumb Code    26  dfltui.o(.text)
    __aeabi_f2iz                             0x0800063f   Thumb Code    50  ffixi.o(.text)
    __aeabi_f2d                              0x08000671   Thumb Code    38  f2d.o(.text)
    __aeabi_cdcmpeq                          0x08000699   Thumb Code     0  cdcmple.o(.text)
    __aeabi_cdcmple                          0x08000699   Thumb Code    48  cdcmple.o(.text)
    __aeabi_cdrcmple                         0x080006c9   Thumb Code    48  cdrcmple.o(.text)
    __aeabi_d2f                              0x080006f9   Thumb Code    56  d2f.o(.text)
    __aeabi_cfcmpeq                          0x08000731   Thumb Code     0  cfcmple.o(.text)
    __aeabi_cfcmple                          0x08000731   Thumb Code    20  cfcmple.o(.text)
    __aeabi_uidiv                            0x08000745   Thumb Code     0  uidiv.o(.text)
    __aeabi_uidivmod                         0x08000745   Thumb Code    44  uidiv.o(.text)
    __aeabi_uldivmod                         0x08000771   Thumb Code    98  uldiv.o(.text)
    __aeabi_llsl                             0x080007d3   Thumb Code    30  llshl.o(.text)
    _ll_shift_l                              0x080007d3   Thumb Code     0  llshl.o(.text)
    __aeabi_lasr                             0x080007f1   Thumb Code    36  llsshr.o(.text)
    _ll_sshift_r                             0x080007f1   Thumb Code     0  llsshr.o(.text)
    __I$use$fp                               0x08000815   Thumb Code     0  iusefp.o(.text)
    _float_round                             0x08000815   Thumb Code    18  fepilogue.o(.text)
    _float_epilogue                          0x08000827   Thumb Code    92  fepilogue.o(.text)
    _double_round                            0x08000883   Thumb Code    30  depilogue.o(.text)
    _double_epilogue                         0x080008a1   Thumb Code   156  depilogue.o(.text)
    __aeabi_d2ulz                            0x0800093d   Thumb Code    48  dfixul.o(.text)
    __scatterload                            0x0800096d   Thumb Code    28  init.o(.text)
    __scatterload_rt2                        0x0800096d   Thumb Code     0  init.o(.text)
    __aeabi_llsr                             0x08000991   Thumb Code    32  llushr.o(.text)
    _ll_ushift_r                             0x08000991   Thumb Code     0  llushr.o(.text)
    ADC_Cmd                                  0x080009b1   Thumb Code    22  stm32f10x_adc.o(i.ADC_Cmd)
    ADC_GetCalibrationStatus                 0x080009c7   Thumb Code    20  stm32f10x_adc.o(i.ADC_GetCalibrationStatus)
    ADC_GetConversionValue                   0x080009db   Thumb Code     8  stm32f10x_adc.o(i.ADC_GetConversionValue)
    ADC_GetFlagStatus                        0x080009e3   Thumb Code    18  stm32f10x_adc.o(i.ADC_GetFlagStatus)
    ADC_GetResetCalibrationStatus            0x080009f5   Thumb Code    20  stm32f10x_adc.o(i.ADC_GetResetCalibrationStatus)
    ADC_Init                                 0x08000a09   Thumb Code    70  stm32f10x_adc.o(i.ADC_Init)
    ADC_RegularChannelConfig                 0x08000a59   Thumb Code   184  stm32f10x_adc.o(i.ADC_RegularChannelConfig)
    ADC_ResetCalibration                     0x08000b11   Thumb Code    10  stm32f10x_adc.o(i.ADC_ResetCalibration)
    ADC_SoftwareStartConvCmd                 0x08000b1b   Thumb Code    22  stm32f10x_adc.o(i.ADC_SoftwareStartConvCmd)
    ADC_StartCalibration                     0x08000b31   Thumb Code    10  stm32f10x_adc.o(i.ADC_StartCalibration)
    ADCx_Init                                0x08000b3d   Thumb Code   140  adc.o(i.ADCx_Init)
    BEEP_Init                                0x08000bd1   Thumb Code    38  beep.o(i.BEEP_Init)
    BEEP_On                                  0x08000bfd   Thumb Code    76  beep.o(i.BEEP_On)
    DAC1_Init                                0x08000c55   Thumb Code    86  dac.o(i.DAC1_Init)
    DAC1_SetValue                            0x08000cb1   Thumb Code    30  dac.o(i.DAC1_SetValue)
    DAC_Cmd                                  0x08000cd1   Thumb Code    34  stm32f10x_dac.o(i.DAC_Cmd)
    DAC_Init                                 0x08000cf9   Thumb Code    46  stm32f10x_dac.o(i.DAC_Init)
    DAC_SetChannel1Data                      0x08000d2d   Thumb Code    26  stm32f10x_dac.o(i.DAC_SetChannel1Data)
    DHT11_ConfigIn                           0x08000d4d   Thumb Code    24  dht11.o(i.DHT11_ConfigIn)
    DHT11_ConfigOut                          0x08000d69   Thumb Code    38  dht11.o(i.DHT11_ConfigOut)
    DHT11_ReadBit                            0x08000d95   Thumb Code    44  dht11.o(i.DHT11_ReadBit)
    DHT11_ReadByte                           0x08000dc5   Thumb Code    34  dht11.o(i.DHT11_ReadByte)
    DHT11_ReadData                           0x08000de9   Thumb Code   106  dht11.o(i.DHT11_ReadData)
    DHT11_Reset                              0x08000e59   Thumb Code    38  dht11.o(i.DHT11_Reset)
    DHT11_Scan                               0x08000e89   Thumb Code     8  dht11.o(i.DHT11_Scan)
    EXTI15_10_IRQHandler                     0x08000e95   Thumb Code   674  hwjs.o(i.EXTI15_10_IRQHandler)
    EXTI2_IRQHandler                         0x08001181   Thumb Code    56  exti.o(i.EXTI2_IRQHandler)
    EXTI4_IRQHandler                         0x080011bd   Thumb Code    56  exti.o(i.EXTI4_IRQHandler)
    EXTI_ClearITPendingBit                   0x080011f9   Thumb Code     6  stm32f10x_exti.o(i.EXTI_ClearITPendingBit)
    EXTI_GetITStatus                         0x08001205   Thumb Code    34  stm32f10x_exti.o(i.EXTI_GetITStatus)
    EXTI_Init                                0x0800122d   Thumb Code   142  stm32f10x_exti.o(i.EXTI_Init)
    FSMC_NORSRAMCmd                          0x080012c1   Thumb Code    46  stm32f10x_fsmc.o(i.FSMC_NORSRAMCmd)
    FSMC_NORSRAMInit                         0x080012f5   Thumb Code   230  stm32f10x_fsmc.o(i.FSMC_NORSRAMInit)
    GPIO_EXTILineConfig                      0x080013dd   Thumb Code    60  stm32f10x_gpio.o(i.GPIO_EXTILineConfig)
    GPIO_Init                                0x0800141d   Thumb Code   278  stm32f10x_gpio.o(i.GPIO_Init)
    GPIO_PinRemapConfig                      0x08001535   Thumb Code   138  stm32f10x_gpio.o(i.GPIO_PinRemapConfig)
    GPIO_ReadInputDataBit                    0x080015c5   Thumb Code    18  stm32f10x_gpio.o(i.GPIO_ReadInputDataBit)
    GPIO_SetBits                             0x080015d7   Thumb Code     4  stm32f10x_gpio.o(i.GPIO_SetBits)
    Get_ADC_Value                            0x080015dd   Thumb Code    80  adc.o(i.Get_ADC_Value)
    HW_jssj                                  0x08001631   Thumb Code    42  hwjs.o(i.HW_jssj)
    Hwjs_Init                                0x08001661   Thumb Code   110  hwjs.o(i.Hwjs_Init)
    IIC_Ack                                  0x080016d5   Thumb Code    48  iic.o(i.IIC_Ack)
    IIC_Init                                 0x0800170d   Thumb Code    68  iic.o(i.IIC_Init)
    IIC_NAck                                 0x0800175d   Thumb Code    48  iic.o(i.IIC_NAck)
    IIC_Read_Byte                            0x08001795   Thumb Code    62  iic.o(i.IIC_Read_Byte)
    IIC_Send_Byte                            0x080017dd   Thumb Code    86  iic.o(i.IIC_Send_Byte)
    IIC_Start                                0x0800183d   Thumb Code    46  iic.o(i.IIC_Start)
    IIC_Stop                                 0x08001875   Thumb Code    44  iic.o(i.IIC_Stop)
    IIC_Wait_Ack                             0x080018a9   Thumb Code    98  iic.o(i.IIC_Wait_Ack)
    KEY_EXTI_Init                            0x08001915   Thumb Code   216  exti.o(i.KEY_EXTI_Init)
    KEY_Init                                 0x080019ed   Thumb Code    64  key.o(i.KEY_Init)
    LCD_Clear                                0x08001a35   Thumb Code    68  tftlcd.o(i.LCD_Clear)
    LCD_Display_Dir                          0x08001a7d   Thumb Code    96  tftlcd.o(i.LCD_Display_Dir)
    LCD_DrawFRONT_COLOR                      0x08001ae1   Thumb Code    28  tftlcd.o(i.LCD_DrawFRONT_COLOR)
    LCD_ReadData                             0x08001afd   Thumb Code     6  tftlcd.o(i.LCD_ReadData)
    LCD_Set_Window                           0x08001b09   Thumb Code   192  tftlcd.o(i.LCD_Set_Window)
    LCD_ShowChar                             0x08001bcd   Thumb Code   272  tftlcd.o(i.LCD_ShowChar)
    LCD_ShowString                           0x08001cf5   Thumb Code   102  tftlcd.o(i.LCD_ShowString)
    LCD_WriteCmd                             0x08001d5d   Thumb Code     6  tftlcd.o(i.LCD_WriteCmd)
    LCD_WriteData                            0x08001d69   Thumb Code     6  tftlcd.o(i.LCD_WriteData)
    LCD_WriteData_Color                      0x08001d75   Thumb Code     6  tftlcd.o(i.LCD_WriteData_Color)
    LED_Init                                 0x08001d81   Thumb Code    46  led.o(i.LED_Init)
    MOTOR_Init                               0x08001db5   Thumb Code    50  motor.o(i.MOTOR_Init)
    MOTOR_Run                                0x08001df5   Thumb Code    32  motor.o(i.MOTOR_Run)
    NVIC_Init                                0x08001e1d   Thumb Code   100  misc.o(i.NVIC_Init)
    NVIC_PriorityGroupConfig                 0x08001e8d   Thumb Code    10  misc.o(i.NVIC_PriorityGroupConfig)
    RCC_ADCCLKConfig                         0x08001ea1   Thumb Code    18  stm32f10x_rcc.o(i.RCC_ADCCLKConfig)
    RCC_AHBPeriphClockCmd                    0x08001eb9   Thumb Code    26  stm32f10x_rcc.o(i.RCC_AHBPeriphClockCmd)
    RCC_APB1PeriphClockCmd                   0x08001ed9   Thumb Code    26  stm32f10x_rcc.o(i.RCC_APB1PeriphClockCmd)
    RCC_APB2PeriphClockCmd                   0x08001ef9   Thumb Code    26  stm32f10x_rcc.o(i.RCC_APB2PeriphClockCmd)
    RCC_GetClocksFreq                        0x08001f19   Thumb Code   192  stm32f10x_rcc.o(i.RCC_GetClocksFreq)
    SDA_IN                                   0x08001fed   Thumb Code    26  iic.o(i.SDA_IN)
    SDA_OUT                                  0x0800200d   Thumb Code    32  iic.o(i.SDA_OUT)
    SHT30_Init                               0x08002031   Thumb Code     8  sht30.o(i.SHT30_Init)
    SHT30_Measure                            0x08002039   Thumb Code   138  sht30.o(i.SHT30_Measure)
    SHT30_Write_H                            0x080020cd   Thumb Code    42  sht30.o(i.SHT30_Write_H)
    SHT30_Write_P                            0x080020f7   Thumb Code    42  sht30.o(i.SHT30_Write_P)
    SysTick_CLKSourceConfig                  0x08002209   Thumb Code    40  misc.o(i.SysTick_CLKSourceConfig)
    SysTick_Init                             0x08002231   Thumb Code    52  systick.o(i.SysTick_Init)
    SystemInit                               0x0800226d   Thumb Code    78  system_stm32f10x.o(i.SystemInit)
    TFTLCD_FSMC_Init                         0x080022cd   Thumb Code   124  tftlcd.o(i.TFTLCD_FSMC_Init)
    TFTLCD_GPIO_Init                         0x08002349   Thumb Code    98  tftlcd.o(i.TFTLCD_GPIO_Init)
    TFTLCD_Init                              0x080023b9   Thumb Code   728  tftlcd.o(i.TFTLCD_Init)
    TIM3_CH1_PWM_Init                        0x08002695   Thumb Code   146  pwm.o(i.TIM3_CH1_PWM_Init)
    TIM4_CH1_PWM_Init                        0x08002735   Thumb Code   148  pwm.o(i.TIM4_CH1_PWM_Init)
    TIM4_CH1_PWM_State                       0x080027d1   Thumb Code    38  pwm.o(i.TIM4_CH1_PWM_State)
    TIM4_IRQHandler                          0x080027fd   Thumb Code    34  time.o(i.TIM4_IRQHandler)
    TIM_ARRPreloadConfig                     0x08002825   Thumb Code    24  stm32f10x_tim.o(i.TIM_ARRPreloadConfig)
    TIM_ClearITPendingBit                    0x0800283d   Thumb Code     6  stm32f10x_tim.o(i.TIM_ClearITPendingBit)
    TIM_Cmd                                  0x08002843   Thumb Code    24  stm32f10x_tim.o(i.TIM_Cmd)
    TIM_GenerateEvent                        0x0800285b   Thumb Code     4  stm32f10x_tim.o(i.TIM_GenerateEvent)
    TIM_GetITStatus                          0x0800285f   Thumb Code    34  stm32f10x_tim.o(i.TIM_GetITStatus)
    TIM_OC1Init                              0x08002881   Thumb Code   132  stm32f10x_tim.o(i.TIM_OC1Init)
    TIM_OC1PreloadConfig                     0x08002919   Thumb Code    18  stm32f10x_tim.o(i.TIM_OC1PreloadConfig)
    TIM_SetCompare1                          0x0800292b   Thumb Code     4  stm32f10x_tim.o(i.TIM_SetCompare1)
    TIM_TimeBaseInit                         0x08002931   Thumb Code   122  stm32f10x_tim.o(i.TIM_TimeBaseInit)
    USART1_IRQHandler                        0x080029d5   Thumb Code    66  usart.o(i.USART1_IRQHandler)
    USART1_Init                              0x08002a1d   Thumb Code   168  usart.o(i.USART1_Init)
    USART_ClearFlag                          0x08002acd   Thumb Code    18  stm32f10x_usart.o(i.USART_ClearFlag)
    USART_ClearITPendingBit                  0x08002adf   Thumb Code    30  stm32f10x_usart.o(i.USART_ClearITPendingBit)
    USART_Cmd                                0x08002afd   Thumb Code    24  stm32f10x_usart.o(i.USART_Cmd)
    USART_GetFlagStatus                      0x08002b15   Thumb Code    26  stm32f10x_usart.o(i.USART_GetFlagStatus)
    USART_GetITStatus                        0x08002b2f   Thumb Code    84  stm32f10x_usart.o(i.USART_GetITStatus)
    USART_ITConfig                           0x08002b83   Thumb Code    74  stm32f10x_usart.o(i.USART_ITConfig)
    USART_Init                               0x08002bcd   Thumb Code   210  stm32f10x_usart.o(i.USART_Init)
    USART_ReceiveData                        0x08002ca5   Thumb Code    10  stm32f10x_usart.o(i.USART_ReceiveData)
    USART_SendData                           0x08002caf   Thumb Code     8  stm32f10x_usart.o(i.USART_SendData)
    __0printf                                0x08002cb9   Thumb Code    22  printfa.o(i.__0printf)
    __1printf                                0x08002cb9   Thumb Code     0  printfa.o(i.__0printf)
    __2printf                                0x08002cb9   Thumb Code     0  printfa.o(i.__0printf)
    __c89printf                              0x08002cb9   Thumb Code     0  printfa.o(i.__0printf)
    printf                                   0x08002cb9   Thumb Code     0  printfa.o(i.__0printf)
    __0sprintf                               0x08002cd9   Thumb Code    34  printfa.o(i.__0sprintf)
    __1sprintf                               0x08002cd9   Thumb Code     0  printfa.o(i.__0sprintf)
    __2sprintf                               0x08002cd9   Thumb Code     0  printfa.o(i.__0sprintf)
    __c89sprintf                             0x08002cd9   Thumb Code     0  printfa.o(i.__0sprintf)
    sprintf                                  0x08002cd9   Thumb Code     0  printfa.o(i.__0sprintf)
    __scatterload_copy                       0x08002d01   Thumb Code    14  handlers.o(i.__scatterload_copy)
    __scatterload_null                       0x08002d0f   Thumb Code     2  handlers.o(i.__scatterload_null)
    __scatterload_zeroinit                   0x08002d11   Thumb Code    14  handlers.o(i.__scatterload_zeroinit)
    delay_ms                                 0x080035dd   Thumb Code    72  systick.o(i.delay_ms)
    delay_us                                 0x08003629   Thumb Code    72  systick.o(i.delay_us)
    fputc                                    0x08003675   Thumb Code    32  usart.o(i.fputc)
    main                                     0x08003699   Thumb Code  1948  main.o(i.main)
    ascii_1206                               0x08003f04   Data        1140  tftlcd.o(.constdata)
    ascii_1608                               0x08004378   Data        1520  tftlcd.o(.constdata)
    ascii_2412                               0x08004968   Data        3420  tftlcd.o(.constdata)
    CnChar32x29                              0x080056c4   Data        1062  tftlcd.o(.constdata)
    Region$$Table$$Base                      0x08005aec   Number         0  anon$$obj.o(Region$$Table)
    Region$$Table$$Limit                     0x08005b0c   Number         0  anon$$obj.o(Region$$Table)
    FRONT_COLOR                              0x20000004   Data           2  tftlcd.o(.data)
    BACK_COLOR                               0x20000006   Data           2  tftlcd.o(.data)
    tftlcd_data                              0x20000008   Data           8  tftlcd.o(.data)
    hw_jsm                                   0x20000010   Data           4  hwjs.o(.data)
    hw_jsbz                                  0x20000014   Data           1  hwjs.o(.data)
    dac_value                                0x20000016   Data           2  hwjs.o(.data)
    Current_Status                           0x20000018   Data           1  hwjs.o(.data)
    FiberLock_Status                         0x20000019   Data           1  hwjs.o(.data)
    SHT30_Data                               0x2000001a   Data           1  sht30.o(.data)
    sht_buffer                               0x2000001b   Data           6  sht30.o(.data)
    __stdout                                 0x20000038   Data           4  stdout.o(.data)
    __initial_sp                             0x20000440   Data           0  startup_stm32f10x_hd.o(STACK)



==============================================================================

Memory Map of the image

  Image Entry point : 0x08000145

  Load Region LR_1 (Base: 0x08000000, Size: 0x00005b48, Max: 0xffffffff, ABSOLUTE)

    Execution Region ER_RO (Exec base: 0x08000000, Load base: 0x08000000, Size: 0x00005b0c, Max: 0xffffffff, ABSOLUTE)

    Exec Addr    Load Addr    Size         Type   Attr      Idx    E Section Name        Object

    0x08000000   0x08000000   0x00000130   Data   RO         2456    RESET               startup_stm32f10x_hd.o
    0x08000130   0x08000130   0x00000000   Code   RO         2987  * .ARM.Collect$$$$00000000  mc_w.l(entry.o)
    0x08000130   0x08000130   0x00000004   Code   RO         3281    .ARM.Collect$$$$00000001  mc_w.l(entry2.o)
    0x08000134   0x08000134   0x00000004   Code   RO         3284    .ARM.Collect$$$$00000004  mc_w.l(entry5.o)
    0x08000138   0x08000138   0x00000000   Code   RO         3286    .ARM.Collect$$$$00000008  mc_w.l(entry7b.o)
    0x08000138   0x08000138   0x00000000   Code   RO         3288    .ARM.Collect$$$$0000000A  mc_w.l(entry8b.o)
    0x08000138   0x08000138   0x00000008   Code   RO         3289    .ARM.Collect$$$$0000000B  mc_w.l(entry9a.o)
    0x08000140   0x08000140   0x00000000   Code   RO         3291    .ARM.Collect$$$$0000000D  mc_w.l(entry10a.o)
    0x08000140   0x08000140   0x00000000   Code   RO         3293    .ARM.Collect$$$$0000000F  mc_w.l(entry11a.o)
    0x08000140   0x08000140   0x00000004   Code   RO         3282    .ARM.Collect$$$$00002712  mc_w.l(entry2.o)
    0x08000144   0x08000144   0x00000024   Code   RO         2457  * .text               startup_stm32f10x_hd.o
    0x08000168   0x08000168   0x000000b0   Code   RO         3251    .text               mf_w.l(fadd.o)
    0x08000218   0x08000218   0x00000064   Code   RO         3253    .text               mf_w.l(fmul.o)
    0x0800027c   0x0800027c   0x0000007c   Code   RO         3255    .text               mf_w.l(fdiv.o)
    0x080002f8   0x080002f8   0x0000014e   Code   RO         3257    .text               mf_w.l(dadd.o)
    0x08000446   0x08000446   0x000000e4   Code   RO         3259    .text               mf_w.l(dmul.o)
    0x0800052a   0x0800052a   0x000000de   Code   RO         3261    .text               mf_w.l(ddiv.o)
    0x08000608   0x08000608   0x00000012   Code   RO         3263    .text               mf_w.l(fflti.o)
    0x0800061a   0x0800061a   0x0000000a   Code   RO         3265    .text               mf_w.l(ffltui.o)
    0x08000624   0x08000624   0x0000001a   Code   RO         3267    .text               mf_w.l(dfltui.o)
    0x0800063e   0x0800063e   0x00000032   Code   RO         3269    .text               mf_w.l(ffixi.o)
    0x08000670   0x08000670   0x00000026   Code   RO         3271    .text               mf_w.l(f2d.o)
    0x08000696   0x08000696   0x00000002   PAD
    0x08000698   0x08000698   0x00000030   Code   RO         3273    .text               mf_w.l(cdcmple.o)
    0x080006c8   0x080006c8   0x00000030   Code   RO         3275    .text               mf_w.l(cdrcmple.o)
    0x080006f8   0x080006f8   0x00000038   Code   RO         3277    .text               mf_w.l(d2f.o)
    0x08000730   0x08000730   0x00000014   Code   RO         3279    .text               mf_w.l(cfcmple.o)
    0x08000744   0x08000744   0x0000002c   Code   RO         3296    .text               mc_w.l(uidiv.o)
    0x08000770   0x08000770   0x00000062   Code   RO         3298    .text               mc_w.l(uldiv.o)
    0x080007d2   0x080007d2   0x0000001e   Code   RO         3300    .text               mc_w.l(llshl.o)
    0x080007f0   0x080007f0   0x00000024   Code   RO         3302    .text               mc_w.l(llsshr.o)
    0x08000814   0x08000814   0x00000000   Code   RO         3304    .text               mc_w.l(iusefp.o)
    0x08000814   0x08000814   0x0000006e   Code   RO         3305    .text               mf_w.l(fepilogue.o)
    0x08000882   0x08000882   0x000000ba   Code   RO         3307    .text               mf_w.l(depilogue.o)
    0x0800093c   0x0800093c   0x00000030   Code   RO         3309    .text               mf_w.l(dfixul.o)
    0x0800096c   0x0800096c   0x00000024   Code   RO         3311    .text               mc_w.l(init.o)
    0x08000990   0x08000990   0x00000020   Code   RO         3313    .text               mc_w.l(llushr.o)
    0x080009b0   0x080009b0   0x00000016   Code   RO         2762    i.ADC_Cmd           stm32f10x_adc.o
    0x080009c6   0x080009c6   0x00000014   Code   RO         2770    i.ADC_GetCalibrationStatus  stm32f10x_adc.o
    0x080009da   0x080009da   0x00000008   Code   RO         2771    i.ADC_GetConversionValue  stm32f10x_adc.o
    0x080009e2   0x080009e2   0x00000012   Code   RO         2773    i.ADC_GetFlagStatus  stm32f10x_adc.o
    0x080009f4   0x080009f4   0x00000014   Code   RO         2776    i.ADC_GetResetCalibrationStatus  stm32f10x_adc.o
    0x08000a08   0x08000a08   0x00000050   Code   RO         2780    i.ADC_Init          stm32f10x_adc.o
    0x08000a58   0x08000a58   0x000000b8   Code   RO         2784    i.ADC_RegularChannelConfig  stm32f10x_adc.o
    0x08000b10   0x08000b10   0x0000000a   Code   RO         2785    i.ADC_ResetCalibration  stm32f10x_adc.o
    0x08000b1a   0x08000b1a   0x00000016   Code   RO         2787    i.ADC_SoftwareStartConvCmd  stm32f10x_adc.o
    0x08000b30   0x08000b30   0x0000000a   Code   RO         2789    i.ADC_StartCalibration  stm32f10x_adc.o
    0x08000b3a   0x08000b3a   0x00000002   PAD
    0x08000b3c   0x08000b3c   0x00000094   Code   RO         1040    i.ADCx_Init         adc.o
    0x08000bd0   0x08000bd0   0x0000002c   Code   RO          213    i.BEEP_Init         beep.o
    0x08000bfc   0x08000bfc   0x00000058   Code   RO          214    i.BEEP_On           beep.o
    0x08000c54   0x08000c54   0x0000005c   Code   RO          920    i.DAC1_Init         dac.o
    0x08000cb0   0x08000cb0   0x0000001e   Code   RO          921    i.DAC1_SetValue     dac.o
    0x08000cce   0x08000cce   0x00000002   PAD
    0x08000cd0   0x08000cd0   0x00000028   Code   RO         2510    i.DAC_Cmd           stm32f10x_dac.o
    0x08000cf8   0x08000cf8   0x00000034   Code   RO         2515    i.DAC_Init          stm32f10x_dac.o
    0x08000d2c   0x08000d2c   0x00000020   Code   RO         2516    i.DAC_SetChannel1Data  stm32f10x_dac.o
    0x08000d4c   0x08000d4c   0x0000001c   Code   RO          649    i.DHT11_ConfigIn    dht11.o
    0x08000d68   0x08000d68   0x0000002c   Code   RO          650    i.DHT11_ConfigOut   dht11.o
    0x08000d94   0x08000d94   0x00000030   Code   RO          651    i.DHT11_ReadBit     dht11.o
    0x08000dc4   0x08000dc4   0x00000022   Code   RO          652    i.DHT11_ReadByte    dht11.o
    0x08000de6   0x08000de6   0x00000002   PAD
    0x08000de8   0x08000de8   0x00000070   Code   RO          653    i.DHT11_ReadData    dht11.o
    0x08000e58   0x08000e58   0x00000030   Code   RO          654    i.DHT11_Reset       dht11.o
    0x08000e88   0x08000e88   0x0000000c   Code   RO          655    i.DHT11_Scan        dht11.o
    0x08000e94   0x08000e94   0x000002ec   Code   RO          749    i.EXTI15_10_IRQHandler  hwjs.o
    0x08001180   0x08001180   0x0000003c   Code   RO          280    i.EXTI2_IRQHandler  exti.o
    0x080011bc   0x080011bc   0x0000003c   Code   RO          281    i.EXTI4_IRQHandler  exti.o
    0x080011f8   0x080011f8   0x0000000c   Code   RO         1122    i.EXTI_ClearITPendingBit  stm32f10x_exti.o
    0x08001204   0x08001204   0x00000028   Code   RO         1126    i.EXTI_GetITStatus  stm32f10x_exti.o
    0x0800122c   0x0800122c   0x00000094   Code   RO         1127    i.EXTI_Init         stm32f10x_exti.o
    0x080012c0   0x080012c0   0x00000034   Code   RO         1198    i.FSMC_NORSRAMCmd   stm32f10x_fsmc.o
    0x080012f4   0x080012f4   0x000000e6   Code   RO         1200    i.FSMC_NORSRAMInit  stm32f10x_fsmc.o
    0x080013da   0x080013da   0x00000002   PAD
    0x080013dc   0x080013dc   0x00000040   Code   RO         1322    i.GPIO_EXTILineConfig  stm32f10x_gpio.o
    0x0800141c   0x0800141c   0x00000116   Code   RO         1325    i.GPIO_Init         stm32f10x_gpio.o
    0x08001532   0x08001532   0x00000002   PAD
    0x08001534   0x08001534   0x00000090   Code   RO         1327    i.GPIO_PinRemapConfig  stm32f10x_gpio.o
    0x080015c4   0x080015c4   0x00000012   Code   RO         1329    i.GPIO_ReadInputDataBit  stm32f10x_gpio.o
    0x080015d6   0x080015d6   0x00000004   Code   RO         1333    i.GPIO_SetBits      stm32f10x_gpio.o
    0x080015da   0x080015da   0x00000002   PAD
    0x080015dc   0x080015dc   0x00000054   Code   RO         1041    i.Get_ADC_Value     adc.o
    0x08001630   0x08001630   0x00000030   Code   RO          750    i.HW_jssj           hwjs.o
    0x08001660   0x08001660   0x00000074   Code   RO          751    i.Hwjs_Init         hwjs.o
    0x080016d4   0x080016d4   0x00000038   Code   RO          791    i.IIC_Ack           iic.o
    0x0800170c   0x0800170c   0x00000050   Code   RO          792    i.IIC_Init          iic.o
    0x0800175c   0x0800175c   0x00000038   Code   RO          793    i.IIC_NAck          iic.o
    0x08001794   0x08001794   0x00000048   Code   RO          794    i.IIC_Read_Byte     iic.o
    0x080017dc   0x080017dc   0x00000060   Code   RO          795    i.IIC_Send_Byte     iic.o
    0x0800183c   0x0800183c   0x00000038   Code   RO          796    i.IIC_Start         iic.o
    0x08001874   0x08001874   0x00000034   Code   RO          797    i.IIC_Stop          iic.o
    0x080018a8   0x080018a8   0x0000006c   Code   RO          798    i.IIC_Wait_Ack      iic.o
    0x08001914   0x08001914   0x000000d8   Code   RO          282    i.KEY_EXTI_Init     exti.o
    0x080019ec   0x080019ec   0x00000048   Code   RO          246    i.KEY_Init          key.o
    0x08001a34   0x08001a34   0x00000048   Code   RO          452    i.LCD_Clear         tftlcd.o
    0x08001a7c   0x08001a7c   0x00000064   Code   RO          453    i.LCD_Display_Dir   tftlcd.o
    0x08001ae0   0x08001ae0   0x0000001c   Code   RO          454    i.LCD_DrawFRONT_COLOR  tftlcd.o
    0x08001afc   0x08001afc   0x0000000c   Code   RO          463    i.LCD_ReadData      tftlcd.o
    0x08001b08   0x08001b08   0x000000c4   Code   RO          465    i.LCD_Set_Window    tftlcd.o
    0x08001bcc   0x08001bcc   0x00000128   Code   RO          466    i.LCD_ShowChar      tftlcd.o
    0x08001cf4   0x08001cf4   0x00000066   Code   RO          470    i.LCD_ShowString    tftlcd.o
    0x08001d5a   0x08001d5a   0x00000002   PAD
    0x08001d5c   0x08001d5c   0x0000000c   Code   RO          472    i.LCD_WriteCmd      tftlcd.o
    0x08001d68   0x08001d68   0x0000000c   Code   RO          474    i.LCD_WriteData     tftlcd.o
    0x08001d74   0x08001d74   0x0000000c   Code   RO          475    i.LCD_WriteData_Color  tftlcd.o
    0x08001d80   0x08001d80   0x00000034   Code   RO          346    i.LED_Init          led.o
    0x08001db4   0x08001db4   0x00000040   Code   RO          716    i.MOTOR_Init        motor.o
    0x08001df4   0x08001df4   0x00000028   Code   RO          717    i.MOTOR_Run         motor.o
    0x08001e1c   0x08001e1c   0x00000070   Code   RO         1073    i.NVIC_Init         misc.o
    0x08001e8c   0x08001e8c   0x00000014   Code   RO         1074    i.NVIC_PriorityGroupConfig  misc.o
    0x08001ea0   0x08001ea0   0x00000018   Code   RO         1445    i.RCC_ADCCLKConfig  stm32f10x_rcc.o
    0x08001eb8   0x08001eb8   0x00000020   Code   RO         1446    i.RCC_AHBPeriphClockCmd  stm32f10x_rcc.o
    0x08001ed8   0x08001ed8   0x00000020   Code   RO         1447    i.RCC_APB1PeriphClockCmd  stm32f10x_rcc.o
    0x08001ef8   0x08001ef8   0x00000020   Code   RO         1449    i.RCC_APB2PeriphClockCmd  stm32f10x_rcc.o
    0x08001f18   0x08001f18   0x000000d4   Code   RO         1457    i.RCC_GetClocksFreq  stm32f10x_rcc.o
    0x08001fec   0x08001fec   0x00000020   Code   RO          799    i.SDA_IN            iic.o
    0x0800200c   0x0800200c   0x00000024   Code   RO          800    i.SDA_OUT           iic.o
    0x08002030   0x08002030   0x00000008   Code   RO          872    i.SHT30_Init        sht30.o
    0x08002038   0x08002038   0x00000094   Code   RO          873    i.SHT30_Measure     sht30.o
    0x080020cc   0x080020cc   0x0000002a   Code   RO          874    i.SHT30_Write_H     sht30.o
    0x080020f6   0x080020f6   0x0000002a   Code   RO          875    i.SHT30_Write_P     sht30.o
    0x08002120   0x08002120   0x00000008   Code   RO         2464    i.SetSysClock       system_stm32f10x.o
    0x08002128   0x08002128   0x000000e0   Code   RO         2465    i.SetSysClockTo72   system_stm32f10x.o
    0x08002208   0x08002208   0x00000028   Code   RO         1077    i.SysTick_CLKSourceConfig  misc.o
    0x08002230   0x08002230   0x0000003c   Code   RO          172    i.SysTick_Init      systick.o
    0x0800226c   0x0800226c   0x00000060   Code   RO         2467    i.SystemInit        system_stm32f10x.o
    0x080022cc   0x080022cc   0x0000007c   Code   RO          476    i.TFTLCD_FSMC_Init  tftlcd.o
    0x08002348   0x08002348   0x00000070   Code   RO          477    i.TFTLCD_GPIO_Init  tftlcd.o
    0x080023b8   0x080023b8   0x000002dc   Code   RO          478    i.TFTLCD_Init       tftlcd.o
    0x08002694   0x08002694   0x000000a0   Code   RO          373    i.TIM3_CH1_PWM_Init  pwm.o
    0x08002734   0x08002734   0x0000009c   Code   RO          374    i.TIM4_CH1_PWM_Init  pwm.o
    0x080027d0   0x080027d0   0x0000002c   Code   RO          375    i.TIM4_CH1_PWM_State  pwm.o
    0x080027fc   0x080027fc   0x00000028   Code   RO          316    i.TIM4_IRQHandler   time.o
    0x08002824   0x08002824   0x00000018   Code   RO         1661    i.TIM_ARRPreloadConfig  stm32f10x_tim.o
    0x0800283c   0x0800283c   0x00000006   Code   RO         1668    i.TIM_ClearITPendingBit  stm32f10x_tim.o
    0x08002842   0x08002842   0x00000018   Code   RO         1673    i.TIM_Cmd           stm32f10x_tim.o
    0x0800285a   0x0800285a   0x00000004   Code   RO         1687    i.TIM_GenerateEvent  stm32f10x_tim.o
    0x0800285e   0x0800285e   0x00000022   Code   RO         1694    i.TIM_GetITStatus   stm32f10x_tim.o
    0x08002880   0x08002880   0x00000098   Code   RO         1702    i.TIM_OC1Init       stm32f10x_tim.o
    0x08002918   0x08002918   0x00000012   Code   RO         1705    i.TIM_OC1PreloadConfig  stm32f10x_tim.o
    0x0800292a   0x0800292a   0x00000004   Code   RO         1734    i.TIM_SetCompare1   stm32f10x_tim.o
    0x0800292e   0x0800292e   0x00000002   PAD
    0x08002930   0x08002930   0x000000a4   Code   RO         1744    i.TIM_TimeBaseInit  stm32f10x_tim.o
    0x080029d4   0x080029d4   0x00000048   Code   RO          409    i.USART1_IRQHandler  usart.o
    0x08002a1c   0x08002a1c   0x000000b0   Code   RO          410    i.USART1_Init       usart.o
    0x08002acc   0x08002acc   0x00000012   Code   RO         2217    i.USART_ClearFlag   stm32f10x_usart.o
    0x08002ade   0x08002ade   0x0000001e   Code   RO         2218    i.USART_ClearITPendingBit  stm32f10x_usart.o
    0x08002afc   0x08002afc   0x00000018   Code   RO         2221    i.USART_Cmd         stm32f10x_usart.o
    0x08002b14   0x08002b14   0x0000001a   Code   RO         2224    i.USART_GetFlagStatus  stm32f10x_usart.o
    0x08002b2e   0x08002b2e   0x00000054   Code   RO         2225    i.USART_GetITStatus  stm32f10x_usart.o
    0x08002b82   0x08002b82   0x0000004a   Code   RO         2227    i.USART_ITConfig    stm32f10x_usart.o
    0x08002bcc   0x08002bcc   0x000000d8   Code   RO         2228    i.USART_Init        stm32f10x_usart.o
    0x08002ca4   0x08002ca4   0x0000000a   Code   RO         2235    i.USART_ReceiveData  stm32f10x_usart.o
    0x08002cae   0x08002cae   0x00000008   Code   RO         2238    i.USART_SendData    stm32f10x_usart.o
    0x08002cb6   0x08002cb6   0x00000002   PAD
    0x08002cb8   0x08002cb8   0x00000020   Code   RO         3223    i.__0printf         mc_w.l(printfa.o)
    0x08002cd8   0x08002cd8   0x00000028   Code   RO         3225    i.__0sprintf        mc_w.l(printfa.o)
    0x08002d00   0x08002d00   0x0000000e   Code   RO         3317    i.__scatterload_copy  mc_w.l(handlers.o)
    0x08002d0e   0x08002d0e   0x00000002   Code   RO         3318    i.__scatterload_null  mc_w.l(handlers.o)
    0x08002d10   0x08002d10   0x0000000e   Code   RO         3319    i.__scatterload_zeroinit  mc_w.l(handlers.o)
    0x08002d1e   0x08002d1e   0x00000002   PAD
    0x08002d20   0x08002d20   0x00000184   Code   RO         3230    i._fp_digits        mc_w.l(printfa.o)
    0x08002ea4   0x08002ea4   0x000006dc   Code   RO         3231    i._printf_core      mc_w.l(printfa.o)
    0x08003580   0x08003580   0x00000024   Code   RO         3232    i._printf_post_padding  mc_w.l(printfa.o)
    0x080035a4   0x080035a4   0x0000002e   Code   RO         3233    i._printf_pre_padding  mc_w.l(printfa.o)
    0x080035d2   0x080035d2   0x0000000a   Code   RO         3235    i._sputc            mc_w.l(printfa.o)
    0x080035dc   0x080035dc   0x0000004c   Code   RO          173    i.delay_ms          systick.o
    0x08003628   0x08003628   0x0000004c   Code   RO          174    i.delay_us          systick.o
    0x08003674   0x08003674   0x00000024   Code   RO          411    i.fputc             usart.o
    0x08003698   0x08003698   0x0000086c   Code   RO            4    i.main              main.o
    0x08003f04   0x08003f04   0x00001be6   Data   RO          479    .constdata          tftlcd.o
    0x08005aea   0x08005aea   0x00000002   PAD
    0x08005aec   0x08005aec   0x00000020   Data   RO         3315    Region$$Table       anon$$obj.o


    Execution Region ER_RW (Exec base: 0x20000000, Load base: 0x08005b0c, Size: 0x0000003c, Max: 0xffffffff, ABSOLUTE)

    Exec Addr    Load Addr    Size         Type   Attr      Idx    E Section Name        Object

    0x20000000   0x08005b0c   0x00000004   Data   RW          175    .data               systick.o
    0x20000004   0x08005b10   0x0000000c   Data   RW          480    .data               tftlcd.o
    0x20000010   0x08005b1c   0x0000000a   Data   RW          752    .data               hwjs.o
    0x2000001a   0x08005b26   0x00000007   Data   RW          876    .data               sht30.o
    0x20000021   0x08005b2d   0x00000014   Data   RW         1477    .data               stm32f10x_rcc.o
    0x20000035   0x08005b41   0x00000003   PAD
    0x20000038   0x08005b44   0x00000004   Data   RW         3295    .data               mc_w.l(stdout.o)


    Execution Region ER_ZI (Exec base: 0x2000003c, Load base: 0x08005b48, Size: 0x00000404, Max: 0xffffffff, ABSOLUTE)

    Exec Addr    Load Addr    Size         Type   Attr      Idx    E Section Name        Object

    0x2000003c   0x08005b48   0x00000004   PAD
    0x20000040        -       0x00000400   Zero   RW         2454    STACK               startup_stm32f10x_hd.o


==============================================================================

Image component sizes


      Code (inc. data)   RO Data    RW Data    ZI Data      Debug   Object Name

       232         12          0          0          0       1192   adc.o
       132         18          0          0          0       1122   beep.o
       122          6          0          0          0       1020   dac.o
       326         34          0          0          0       3896   dht11.o
       336          8          0          0          0       1510   exti.o
       912         86          0         10          0       2564   hwjs.o
       644         86          0          0          0       4733   iic.o
        72          8          0          0          0        463   key.o
        52          6          0          0          0        451   led.o
      2156        522          0          0          0     279063   main.o
       172         22          0          0          0       2365   misc.o
       104         22          0          0          0       1001   motor.o
       360         28          0          0          0       1933   pwm.o
       240         10          0          7          0       2521   sht30.o
        36          8        304          0       1024        808   startup_stm32f10x_hd.o
       394         10          0          0          0       8581   stm32f10x_adc.o
       124         18          0          0          0       2719   stm32f10x_dac.o
       200         18          0          0          0       2416   stm32f10x_exti.o
       282          6          0          0          0       2093   stm32f10x_fsmc.o
       508         10          0          0          0       4951   stm32f10x_gpio.o
       332         44          0         20          0       5917   stm32f10x_rcc.o
       430         62          0          0          0       6449   stm32f10x_tim.o
       490          6          0          0          0       7877   stm32f10x_usart.o
       328         28          0          0          0       2081   system_stm32f10x.o
       212         16          0          4          0       1677   systick.o
      1810         78       7142         12          0      10179   tftlcd.o
        40          6          0          0          0        434   time.o
       284         18          0          0          0       3342   usart.o

    ----------------------------------------------------------------------
     11348       1196       7480         56       1024     363358   Object Totals
         0          0         32          0          0          0   (incl. Generated)
        18          0          2          3          0          0   (incl. Padding)

    ----------------------------------------------------------------------

      Code (inc. data)   RO Data    RW Data    ZI Data      Debug   Library Member Name

         0          0          0          0          0          0   entry.o
         0          0          0          0          0          0   entry10a.o
         0          0          0          0          0          0   entry11a.o
         8          4          0          0          0          0   entry2.o
         4          0          0          0          0          0   entry5.o
         0          0          0          0          0          0   entry7b.o
         0          0          0          0          0          0   entry8b.o
         8          4          0          0          0          0   entry9a.o
        30          0          0          0          0          0   handlers.o
        36          8          0          0          0         68   init.o
         0          0          0          0          0          0   iusefp.o
        30          0          0          0          0         68   llshl.o
        36          0          0          0          0         68   llsshr.o
        32          0          0          0          0         68   llushr.o
      2308         96          0          0          0        604   printfa.o
         0          0          0          4          0          0   stdout.o
        44          0          0          0          0         80   uidiv.o
        98          0          0          0          0         92   uldiv.o
        48          0          0          0          0         68   cdcmple.o
        48          0          0          0          0         68   cdrcmple.o
        20          0          0          0          0         68   cfcmple.o
        56          0          0          0          0         88   d2f.o
       334          0          0          0          0        148   dadd.o
       222          0          0          0          0        100   ddiv.o
       186          0          0          0          0        176   depilogue.o
        48          0          0          0          0         68   dfixul.o
        26          0          0          0          0         76   dfltui.o
       228          0          0          0          0         96   dmul.o
        38          0          0          0          0         68   f2d.o
       176          0          0          0          0        140   fadd.o
       124          0          0          0          0         88   fdiv.o
       110          0          0          0          0        168   fepilogue.o
        50          0          0          0          0         68   ffixi.o
        18          0          0          0          0         68   fflti.o
        10          0          0          0          0         68   ffltui.o
       100          0          0          0          0         76   fmul.o

    ----------------------------------------------------------------------
      4480        112          0          4          4       2748   Library Totals
         4          0          0          0          4          0   (incl. Padding)

    ----------------------------------------------------------------------

      Code (inc. data)   RO Data    RW Data    ZI Data      Debug   Library Name

      2634        112          0          4          0       1048   mc_w.l
      1842          0          0          0          0       1700   mf_w.l

    ----------------------------------------------------------------------
      4480        112          0          4          4       2748   Library Totals

    ----------------------------------------------------------------------

==============================================================================


      Code (inc. data)   RO Data    RW Data    ZI Data      Debug   

     15828       1308       7480         60       1028     359082   Grand Totals
     15828       1308       7480         60       1028     359082   ELF Image Totals
     15828       1308       7480         60          0          0   ROM Totals

==============================================================================

    Total RO  Size (Code + RO Data)                23308 (  22.76kB)
    Total RW  Size (RW Data + ZI Data)              1088 (   1.06kB)
    Total ROM Size (Code + RO Data + RW Data)      23368 (  22.82kB)

==============================================================================

